Archive member included to satisfy reference by file (symbol)

/Applications/MCUXpressoIDE_11.8.0_1165/ide/plugins/com.nxp.mcuxpresso.tools.macosx_11.8.0.202306131047/tools/bin/../lib/gcc/arm-none-eabi/12.2.1/../../../../arm-none-eabi/lib/thumb/v7e-m+fp/hard/libcr_nohost_nf.a(_cr__main.o)
                              ./startup/startup_mk66f18.o (__main)
/Applications/MCUXpressoIDE_11.8.0_1165/ide/plugins/com.nxp.mcuxpresso.tools.macosx_11.8.0.202306131047/tools/bin/../lib/gcc/arm-none-eabi/12.2.1/../../../../arm-none-eabi/lib/thumb/v7e-m+fp/hard/libcr_nohost_nf.a(_cr_assert.o)
                              ./drivers/fsl_clock.o (__assertion_failed)
/Applications/MCUXpressoIDE_11.8.0_1165/ide/plugins/com.nxp.mcuxpresso.tools.macosx_11.8.0.202306131047/tools/bin/../lib/gcc/arm-none-eabi/12.2.1/../../../../arm-none-eabi/lib/thumb/v7e-m+fp/hard/libcr_nohost_nf.a(__ciob.o)
                              /Applications/MCUXpressoIDE_11.8.0_1165/ide/plugins/com.nxp.mcuxpresso.tools.macosx_11.8.0.202306131047/tools/bin/../lib/gcc/arm-none-eabi/12.2.1/../../../../arm-none-eabi/lib/thumb/v7e-m+fp/hard/libcr_nohost_nf.a(_cr_assert.o) (__Ciob)
/Applications/MCUXpressoIDE_11.8.0_1165/ide/plugins/com.nxp.mcuxpresso.tools.macosx_11.8.0.202306131047/tools/bin/../lib/gcc/arm-none-eabi/12.2.1/../../../../arm-none-eabi/lib/thumb/v7e-m+fp/hard/libcr_nohost_nf.a(__sys_appexit.o)
                              /Applications/MCUXpressoIDE_11.8.0_1165/ide/plugins/com.nxp.mcuxpresso.tools.macosx_11.8.0.202306131047/tools/bin/../lib/gcc/arm-none-eabi/12.2.1/../../../../arm-none-eabi/lib/thumb/v7e-m+fp/hard/libcr_nohost_nf.a(_cr_assert.o) (__sys_appexit)
/Applications/MCUXpressoIDE_11.8.0_1165/ide/plugins/com.nxp.mcuxpresso.tools.macosx_11.8.0.202306131047/tools/bin/../lib/gcc/arm-none-eabi/12.2.1/../../../../arm-none-eabi/lib/thumb/v7e-m+fp/hard/libcr_c.a(memcpy.o)
                              ./utilities/fsl_str.o (memcpy)
/Applications/MCUXpressoIDE_11.8.0_1165/ide/plugins/com.nxp.mcuxpresso.tools.macosx_11.8.0.202306131047/tools/bin/../lib/gcc/arm-none-eabi/12.2.1/../../../../arm-none-eabi/lib/thumb/v7e-m+fp/hard/libcr_c.a(memset.o)
                              ./utilities/fsl_debug_console.o (memset)
/Applications/MCUXpressoIDE_11.8.0_1165/ide/plugins/com.nxp.mcuxpresso.tools.macosx_11.8.0.202306131047/tools/bin/../lib/gcc/arm-none-eabi/12.2.1/../../../../arm-none-eabi/lib/thumb/v7e-m+fp/hard/libcr_c.a(_deferredlazyseek.o)
                              /Applications/MCUXpressoIDE_11.8.0_1165/ide/plugins/com.nxp.mcuxpresso.tools.macosx_11.8.0.202306131047/tools/bin/../lib/gcc/arm-none-eabi/12.2.1/../../../../arm-none-eabi/lib/thumb/v7e-m+fp/hard/libcr_nohost_nf.a(_cr_assert.o) (__flsbuf)
/Applications/MCUXpressoIDE_11.8.0_1165/ide/plugins/com.nxp.mcuxpresso.tools.macosx_11.8.0.202306131047/tools/bin/../lib/gcc/arm-none-eabi/12.2.1/../../../../arm-none-eabi/lib/thumb/v7e-m+fp/hard/libcr_c.a(_fflush.o)
                              /Applications/MCUXpressoIDE_11.8.0_1165/ide/plugins/com.nxp.mcuxpresso.tools.macosx_11.8.0.202306131047/tools/bin/../lib/gcc/arm-none-eabi/12.2.1/../../../../arm-none-eabi/lib/thumb/v7e-m+fp/hard/libcr_c.a(_deferredlazyseek.o) (_fflush)
/Applications/MCUXpressoIDE_11.8.0_1165/ide/plugins/com.nxp.mcuxpresso.tools.macosx_11.8.0.202306131047/tools/bin/../lib/gcc/arm-none-eabi/12.2.1/../../../../arm-none-eabi/lib/thumb/v7e-m+fp/hard/libcr_c.a(_writebuf.o)
                              /Applications/MCUXpressoIDE_11.8.0_1165/ide/plugins/com.nxp.mcuxpresso.tools.macosx_11.8.0.202306131047/tools/bin/../lib/gcc/arm-none-eabi/12.2.1/../../../../arm-none-eabi/lib/thumb/v7e-m+fp/hard/libcr_c.a(_deferredlazyseek.o) (_Cwritebuf)
/Applications/MCUXpressoIDE_11.8.0_1165/ide/plugins/com.nxp.mcuxpresso.tools.macosx_11.8.0.202306131047/tools/bin/../lib/gcc/arm-none-eabi/12.2.1/../../../../arm-none-eabi/lib/thumb/v7e-m+fp/hard/libcr_c.a(alloc.o)
                              ./drivers/fsl_common.o (malloc)
/Applications/MCUXpressoIDE_11.8.0_1165/ide/plugins/com.nxp.mcuxpresso.tools.macosx_11.8.0.202306131047/tools/bin/../lib/gcc/arm-none-eabi/12.2.1/../../../../arm-none-eabi/lib/thumb/v7e-m+fp/hard/libcr_c.a(errno.o)
                              ./utilities/fsl_str.o (errno)
/Applications/MCUXpressoIDE_11.8.0_1165/ide/plugins/com.nxp.mcuxpresso.tools.macosx_11.8.0.202306131047/tools/bin/../lib/gcc/arm-none-eabi/12.2.1/../../../../arm-none-eabi/lib/thumb/v7e-m+fp/hard/libcr_c.a(fputs.o)
                              /Applications/MCUXpressoIDE_11.8.0_1165/ide/plugins/com.nxp.mcuxpresso.tools.macosx_11.8.0.202306131047/tools/bin/../lib/gcc/arm-none-eabi/12.2.1/../../../../arm-none-eabi/lib/thumb/v7e-m+fp/hard/libcr_nohost_nf.a(_cr_assert.o) (fputs)
/Applications/MCUXpressoIDE_11.8.0_1165/ide/plugins/com.nxp.mcuxpresso.tools.macosx_11.8.0.202306131047/tools/bin/../lib/gcc/arm-none-eabi/12.2.1/../../../../arm-none-eabi/lib/thumb/v7e-m+fp/hard/libcr_c.a(fseek.o)
[...]
Memory Configuration

Name             Origin             Length             Attributes
PROGRAM_FLASH    0x0000000000000000 0x0000000000200000 xr
SRAM_UPPER       0x0000000020000000 0x0000000000030000 xrw
SRAM_LOWER       0x000000001fff0000 0x0000000000010000 xrw
FLEX_RAM         0x0000000014000000 0x0000000000001000 xrw
*default*        0x0000000000000000 0xffffffffffffffff

Linker script and memory map

LOAD ./utilities/fsl_debug_console.o
LOAD ./utilities/fsl_str.o
LOAD ./startup/startup_mk66f18.o
LOAD ./source/final_project.o
LOAD ./source/function.o
LOAD ./source/morseConverter.o
LOAD ./source/semihost_hardfault.o
LOAD ./drivers/fsl_clock.o
LOAD ./drivers/fsl_common.o
LOAD ./drivers/fsl_common_arm.o
LOAD ./drivers/fsl_gpio.o
LOAD ./drivers/fsl_i2c.o
LOAD ./drivers/fsl_rtc.o
LOAD ./drivers/fsl_smc.o
LOAD ./drivers/fsl_uart.o
LOAD ./device/system_MK66F18.o
LOAD ./component/uart/fsl_adapter_uart.o
LOAD ./component/serial_manager/fsl_component_serial_manager.o
LOAD ./component/serial_manager/fsl_component_serial_port_uart.o
LOAD ./component/lists/fsl_component_generic_list.o
LOAD ./board/board.o
LOAD ./board/clock_config.o
LOAD ./board/peripherals.o
LOAD ./board/pin_mux.o
START GROUP
LOAD /Applications/MCUXpressoIDE_11.8.0_1165/ide/plugins/com.nxp.mcuxpresso.tools.macosx_11.8.0.202306131047/tools/bin/../lib/gcc/arm-none-eabi/12.2.1/../../../../arm-none-eabi/lib/thumb/v7e-m+fp/hard/libcr_nohost_nf.a
LOAD /Applications/MCUXpressoIDE_11.8.0_1165/ide/plugins/com.nxp.mcuxpresso.tools.macosx_11.8.0.202306131047/tools/bin/../lib/gcc/arm-none-eabi/12.2.1/../../../../arm-none-eabi/lib/thumb/v7e-m+fp/hard/libcr_c.a
LOAD /Applications/MCUXpressoIDE_11.8.0_1165/ide/plugins/com.nxp.mcuxpresso.tools.macosx_11.8.0.202306131047/tools/bin/../lib/gcc/arm-none-eabi/12.2.1/thumb/v7e-m+fp/hard/libcr_eabihelpers.a
LOAD /Applications/MCUXpressoIDE_11.8.0_1165/ide/plugins/com.nxp.mcuxpresso.tools.macosx_11.8.0.202306131047/tools/bin/../lib/gcc/arm-none-eabi/12.2.1/thumb/v7e-m+fp/hard/libgcc.a
END GROUP
                0x0000000000000000                __base_PROGRAM_FLASH = 0x0
                0x0000000000000000                __base_Flash = 0x0
                0x0000000000200000                __top_PROGRAM_FLASH = 0x200000
                0x0000000000200000                __top_Flash = 0x200000
                0x0000000020000000                __base_SRAM_UPPER = 0x20000000
                0x0000000020000000                __base_RAM = 0x20000000
                0x0000000020030000                __top_SRAM_UPPER = 0x20030000
                0x0000000020030000                __top_RAM = 0x20030000
                0x000000001fff0000                __base_SRAM_LOWER = 0x1fff0000
                0x000000001fff0000                __base_RAM2 = 0x1fff0000
                0x0000000020000000                __top_SRAM_LOWER = 0x20000000
                0x0000000020000000                __top_RAM2 = 0x20000000
                0x0000000014000000                __base_FLEX_RAM = 0x14000000
                0x0000000014000000                __base_RAM3 = 0x14000000
                0x0000000014001000                __top_FLEX_RAM = 0x14001000
                0x0000000014001000                __top_RAM3 = 0x14001000

.text           0x0000000000000000     0x4910
 FILL mask 0xff
                0x0000000000000000                __vectors_start__ = ABSOLUTE (.)
 *(SORT_BY_ALIGNMENT(.isr_vector))
 .isr_vector    0x0000000000000000      0x1d0 ./startup/startup_mk66f18.o
                0x0000000000000000                __Vectors
                0x0000000000000000                g_pfnVectors
                0x00000000000001d0                . = ALIGN (0x4)
                0x00000000000001d0                __section_table_start = .
                0x00000000000001d0                __data_section_table = .
                0x00000000000001d0        0x4 LONG 0x4910 LOADADDR (.data)
                0x00000000000001d4        0x4 LONG 0x20000000 ADDR (.data)
                0x00000000000001d8        0x4 LONG 0x10 SIZEOF (.data)
                0x00000000000001dc        0x4 LONG 0x4910 LOADADDR (.data_RAM2)
                0x00000000000001e0        0x4 LONG 0x1fff0000 ADDR (.data_RAM2)
                0x00000000000001e4        0x4 LONG 0x0 SIZEOF (.data_RAM2)
                0x00000000000001e8        0x4 LONG 0x4910 LOADADDR (.data_RAM3)
                0x00000000000001ec        0x4 LONG 0x14000000 ADDR (.data_RAM3)
                0x00000000000001f0        0x4 LONG 0x0 SIZEOF (.data_RAM3)
                0x00000000000001f4                __data_section_table_end = .
                0x00000000000001f4                __bss_section_table = .
                0x00000000000001f4        0x4 LONG 0x20000010 ADDR (.bss)
                0x00000000000001f8        0x4 LONG 0x128 SIZEOF (.bss)
                0x00000000000001fc        0x4 LONG 0x1fff0000 ADDR (.bss_RAM2)
                0x0000000000000200        0x4 LONG 0x0 SIZEOF (.bss_RAM2)
                0x0000000000000204        0x4 LONG 0x14000000 ADDR (.bss_RAM3)
                0x0000000000000208        0x4 LONG 0x0 SIZEOF (.bss_RAM3)
                0x000000000000020c                __bss_section_table_end = .
                0x000000000000020c                __section_table_end = .
 *(SORT_BY_ALIGNMENT(.after_vectors*))
 .after_vectors.reset
                0x000000000000020c       0x4c ./startup/startup_mk66f18.o
                0x000000000000020c                ResetISR
 .after_vectors.init_data
                0x0000000000000258       0x1e ./startup/startup_mk66f18.o
                0x0000000000000258                data_init
 .after_vectors.init_bss
                0x0000000000000276       0x12 ./startup/startup_mk66f18.o
                0x0000000000000276                bss_init
 .after_vectors
                0x0000000000000288       0x14 ./startup/startup_mk66f18.o
                0x0000000000000288                NMI_Handler
                0x000000000000028c                MemManage_Handler
                0x000000000000028e                BusFault_Handler
                0x0000000000000290                UsageFault_Handler
                0x0000000000000292                SVC_Handler
                0x0000000000000294                DebugMon_Handler
                0x0000000000000296                PendSV_Handler
                0x0000000000000298                SysTick_Handler
                0x000000000000029a                PIT2_DriverIRQHandler
                0x000000000000029a                TPM2_DriverIRQHandler
                0x000000000000029a                SDHC_DriverIRQHandler
                0x000000000000029a                DMA7_DMA23_DriverIRQHandler
                0x000000000000029a                I2S0_Tx_DriverIRQHandler
                0x000000000000029a                TSI0_DriverIRQHandler
                0x000000000000029a                RTC_Seconds_DriverIRQHandler
                0x000000000000029a                CMP3_DriverIRQHandler
                0x000000000000029a                LLWU_DriverIRQHandler
                0x000000000000029a                MCM_DriverIRQHandler
                0x000000000000029a                DMA14_DMA30_DriverIRQHandler
                0x000000000000029a                MCG_DriverIRQHandler
                0x000000000000029a                ENET_1588_Timer_DriverIRQHandler
                0x000000000000029a                DAC1_DriverIRQHandler
                0x000000000000029a                CMP1_DriverIRQHandler
                0x000000000000029a                USBHSDCD_DriverIRQHandler
                0x000000000000029a                DMA0_DMA16_DriverIRQHandler
                0x000000000000029a                FTM0_DriverIRQHandler
                0x000000000000029a                IntDefaultHandler
                0x000000000000029a                USB0_DriverIRQHandler
                0x000000000000029a                PORTC_DriverIRQHandler
                0x000000000000029a                DMA2_DMA18_DriverIRQHandler
                0x000000000000029a                DAC0_DriverIRQHandler
                0x000000000000029a                CMP2_DriverIRQHandler
                0x000000000000029a                UART2_ERR_DriverIRQHandler
                0x000000000000029a                SPI2_DriverIRQHandler
                0x000000000000029a                LVD_LVW_DriverIRQHandler
                0x000000000000029a                Reserved84_DriverIRQHandler
                0x000000000000029a                PIT0_DriverIRQHandler
                0x000000000000029a                RNG_DriverIRQHandler
                0x000000000000029a                USBDCD_DriverIRQHandler
                0x000000000000029a                UART3_ERR_DriverIRQHandler
                0x000000000000029a                DMA12_DMA28_DriverIRQHandler
                0x000000000000029a                DMA10_DMA26_DriverIRQHandler
                0x000000000000029a                UART0_ERR_DriverIRQHandler
                0x000000000000029a                CMT_DriverIRQHandler
                0x000000000000029a                Reserved71_DriverIRQHandler
                0x000000000000029a                ADC1_DriverIRQHandler
                0x000000000000029a                PORTA_DriverIRQHandler
                0x000000000000029a                DMA1_DMA17_DriverIRQHandler
                0x000000000000029a                PIT3_DriverIRQHandler
                0x000000000000029a                PIT1_DriverIRQHandler
                0x000000000000029a                TPM1_DriverIRQHandler
                0x000000000000029a                WDOG_EWM_DriverIRQHandler
                0x000000000000029a                PDB0_DriverIRQHandler
                0x000000000000029a                DMA8_DMA24_DriverIRQHandler
                0x000000000000029a                DMA6_DMA22_DriverIRQHandler
                0x000000000000029a                RTC_DriverIRQHandler
                0x000000000000029a                I2S0_Rx_DriverIRQHandler
                0x000000000000029a                Read_Collision_DriverIRQHandler
                0x000000000000029a                SWI_DriverIRQHandler
                0x000000000000029a                UART4_ERR_DriverIRQHandler
                0x000000000000029a                DMA11_DMA27_DriverIRQHandler
                0x000000000000029a                DMA4_DMA20_DriverIRQHandler
                0x000000000000029a                DMA9_DMA25_DriverIRQHandler
                0x000000000000029a                ENET_Receive_DriverIRQHandler
                0x000000000000029a                DMA3_DMA19_DriverIRQHandler
                0x000000000000029a                ENET_Error_DriverIRQHandler
                0x000000000000029a                LPUART0_DriverIRQHandler
                0x000000000000029a                Reserved85_DriverIRQHandler
                0x000000000000029a                SPI0_DriverIRQHandler
                0x000000000000029a                ADC0_DriverIRQHandler
                0x000000000000029a                USBHS_DriverIRQHandler
                0x000000000000029a                CMP0_DriverIRQHandler
                0x000000000000029a                CAN0_DriverIRQHandler
                0x000000000000029a                FTM3_DriverIRQHandler
                0x000000000000029a                DMA5_DMA21_DriverIRQHandler
                0x000000000000029a                DMA15_DMA31_DriverIRQHandler
                0x000000000000029a                UART1_ERR_DriverIRQHandler
                0x000000000000029a                ENET_Transmit_DriverIRQHandler
                0x000000000000029a                PORTD_DriverIRQHandler
                0x000000000000029a                Reserved46_DriverIRQHandler
                0x000000000000029a                PORTE_DriverIRQHandler
                0x000000000000029a                FTFE_DriverIRQHandler
                0x000000000000029a                CAN1_DriverIRQHandler
                0x000000000000029a                DMA13_DMA29_DriverIRQHandler
                0x000000000000029a                PORTB_DriverIRQHandler
                0x000000000000029a                SPI1_DriverIRQHandler
                0x000000000000029a                LPTMR0_DriverIRQHandler
                0x000000000000029a                DMA_Error_DriverIRQHandler
                0x000000000000029a                FTM1_DriverIRQHandler
                0x000000000000029a                FTM2_DriverIRQHandler
                0x0000000000000400                . = 0x400
 *fill*         0x000000000000029c      0x164 ff
                0x0000000000000400                PROVIDE (__FLASH_CONFIG_START__ = .)
 *(SORT_BY_ALIGNMENT(.FlashConfig))
 .FlashConfig   0x0000000000000400       0x10 ./startup/startup_mk66f18.o
                0x0000000000000400                Flash_Config
                0x0000000000000410                PROVIDE (__FLASH_CONFIG_END__ = .)
                0x0000000000000001                ASSERT (! ((__FLASH_CONFIG_START__ == __FLASH_CONFIG_END__)), Linker Flash Config Support Enabled, but no .FlashConfig section provided within application)
 *(SORT_BY_ALIGNMENT(.text*))
 .text.DbgConsole_ReadOneCharacter
                0x0000000000000410       0x44 ./utilities/fsl_debug_console.o
                0x0000000000000410                DbgConsole_ReadOneCharacter
 .text.DbgConsole_SendDataReliable
                0x0000000000000454       0x54 ./utilities/fsl_debug_console.o
                0x0000000000000454                DbgConsole_SendDataReliable
 .text.DbgConsole_ReadCharacter
                0x00000000000004a8       0x44 ./utilities/fsl_debug_console.o
                0x00000000000004a8                DbgConsole_ReadCharacter
 .text.DbgConsole_Init
                0x00000000000004ec      0x118 ./utilities/fsl_debug_console.o
                0x00000000000004ec                DbgConsole_Init
 .text.DbgConsole_Vprintf
                0x0000000000000604       0x6c ./utilities/fsl_debug_console.o
                0x0000000000000604                DbgConsole_Vprintf
 .text.main     0x0000000000000670       0x2c ./source/final_project.o
                0x0000000000000670                main
 .text.PORTD_IRQHandler
                0x000000000000069c       0x20 ./source/final_project.o
                0x000000000000069c                PORTD_IRQHandler
 .text.PORTA_IRQHandler
                0x00000000000006bc       0x24 ./source/final_project.o
                0x00000000000006bc                PORTA_IRQHandler
 .text.runSimulation
                0x00000000000006e0       0x94 ./source/final_project.o
                0x00000000000006e0                runSimulation
 .text          0x0000000000000774      0x154 ./source/function.o
                0x0000000000000774                delayShort
                0x0000000000000786                delayLong
                0x0000000000000798                led_on
                0x00000000000007a2                led_off
                0x00000000000007ac                dot
                0x00000000000007c0                dash
                0x00000000000007d4                number1
                0x00000000000007ec                number2
                0x0000000000000804                number3
                0x000000000000081c                number4
                0x0000000000000834                number5
                0x000000000000084c                number6
                0x0000000000000864                number7
                0x000000000000087c                number8
                0x0000000000000894                number9
                0x00000000000008ac                number0
 .text.charToMorse
                0x00000000000008c8      0x384 ./source/morseConverter.o
                0x00000000000008c8                charToMorse
 .text.CLOCK_SetEr32kClock
                0x0000000000000c4c       0x30 ./drivers/fsl_clock.o
 .text.CLOCK_SetPllFllSelClock
                0x0000000000000c7c       0x54 ./drivers/fsl_clock.o
 .text.CLOCK_GetMcgExtClkFreq
                0x0000000000000cd0       0x7c ./drivers/fsl_clock.o
 .text.CLOCK_GetFllExtRefClkFreq
                0x0000000000000d4c       0xb0 ./drivers/fsl_clock.o
 .text.CLOCK_GetInternalRefClkSelectFreq
                0x0000000000000dfc       0x4c ./drivers/fsl_clock.o
 .text.CLOCK_GetFllRefClkFreq
                0x0000000000000e48       0x34 ./drivers/fsl_clock.o
 .text.CLOCK_GetOscRangeFromFreq
                0x0000000000000e7c       0x3c ./drivers/fsl_clock.o
 .text.CLOCK_GetCoreSysClkFreq
                0x0000000000000eb8       0x28 ./drivers/fsl_clock.o
                0x0000000000000eb8                CLOCK_GetCoreSysClkFreq
 .text.CLOCK_SetSimConfig
                0x0000000000000ee0       0x40 ./drivers/fsl_clock.o
                0x0000000000000ee0                CLOCK_SetSimConfig
 .text.CLOCK_EnableUsbfs0Clock
                0x0000000000000f20      0x11c ./drivers/fsl_clock.o
                0x0000000000000f20                CLOCK_EnableUsbfs0Clock
 .text.CLOCK_GetOutClkFreq
                0x000000000000103c       0x90 ./drivers/fsl_clock.o
                0x000000000000103c                CLOCK_GetOutClkFreq
 .text.CLOCK_GetFllFreq
                0x00000000000010cc       0x84 ./drivers/fsl_clock.o
                0x00000000000010cc                CLOCK_GetFllFreq
 .text.CLOCK_GetPll0Freq
                0x0000000000001150       0x7c ./drivers/fsl_clock.o
                0x0000000000001150                CLOCK_GetPll0Freq
 .text.CLOCK_GetExtPllFreq
                0x00000000000011cc       0x18 ./drivers/fsl_clock.o
                0x00000000000011cc                CLOCK_GetExtPllFreq
 .text.CLOCK_SetExtPllFreq
                0x00000000000011e4       0x20 ./drivers/fsl_clock.o
                0x00000000000011e4                CLOCK_SetExtPllFreq
 .text.CLOCK_SetExternalRefClkConfig
                0x0000000000001204       0x6c ./drivers/fsl_clock.o
                0x0000000000001204                CLOCK_SetExternalRefClkConfig
 .text.CLOCK_SetInternalRefClkConfig
                0x0000000000001270      0x104 ./drivers/fsl_clock.o
                0x0000000000001270                CLOCK_SetInternalRefClkConfig
 .text.CLOCK_EnablePll0
                0x0000000000001374       0x88 ./drivers/fsl_clock.o
                0x0000000000001374                CLOCK_EnablePll0
 .text.CLOCK_InitOsc0
                0x00000000000013fc       0x8c ./drivers/fsl_clock.o
                0x00000000000013fc                CLOCK_InitOsc0
 .text.CLOCK_SetPbeMode
                0x0000000000001488       0xe8 ./drivers/fsl_clock.o
                0x0000000000001488                CLOCK_SetPbeMode
 .text.CLOCK_BootToPeeMode
                0x0000000000001570       0x68 ./drivers/fsl_clock.o
                0x0000000000001570                CLOCK_BootToPeeMode
 .text.GPIO_GetInstance
                0x00000000000015d8       0x4c ./drivers/fsl_gpio.o
 .text.GPIO_PinInit
                0x0000000000001624       0x64 ./drivers/fsl_gpio.o
                0x0000000000001624                GPIO_PinInit
 .text.GPIO_PortClearInterruptFlags
                0x0000000000001688       0x34 ./drivers/fsl_gpio.o
                0x0000000000001688                GPIO_PortClearInterruptFlags
 .text.I2C_TransferCommonIRQHandler
                0x00000000000016bc       0x58 ./drivers/fsl_i2c.o
 .text.I2C0_DriverIRQHandler
                0x0000000000001714       0x1c ./drivers/fsl_i2c.o
                0x0000000000001714                I2C0_DriverIRQHandler
 .text.I2C1_DriverIRQHandler
                0x0000000000001730       0x1c ./drivers/fsl_i2c.o
                0x0000000000001730                I2C1_DriverIRQHandler
 .text.I2C2_DriverIRQHandler
                0x000000000000174c       0x1c ./drivers/fsl_i2c.o
                0x000000000000174c                I2C2_DriverIRQHandler
 .text.I2C3_DriverIRQHandler
                0x0000000000001768       0x1c ./drivers/fsl_i2c.o
                0x0000000000001768                I2C3_DriverIRQHandler
 .text.UART_GetInstance
                0x0000000000001784       0x54 ./drivers/fsl_uart.o
                0x0000000000001784                UART_GetInstance
 .text.UART_Init
                0x00000000000017d8      0x2f4 ./drivers/fsl_uart.o
                0x00000000000017d8                UART_Init
 .text.UART_GetDefaultConfig
                0x0000000000001acc       0x68 ./drivers/fsl_uart.o
                0x0000000000001acc                UART_GetDefaultConfig
 .text.UART_ReadBlocking
                0x0000000000001b34       0xfc ./drivers/fsl_uart.o
                0x0000000000001b34                UART_ReadBlocking
 .text.UART0_DriverIRQHandler
                0x0000000000001c30       0x28 ./drivers/fsl_uart.o
                0x0000000000001c30                UART0_DriverIRQHandler
 .text.UART1_DriverIRQHandler
                0x0000000000001c58       0x28 ./drivers/fsl_uart.o
                0x0000000000001c58                UART1_DriverIRQHandler
 .text.UART2_DriverIRQHandler
                0x0000000000001c80       0x28 ./drivers/fsl_uart.o
                0x0000000000001c80                UART2_DriverIRQHandler
 .text.UART3_DriverIRQHandler
                0x0000000000001ca8       0x28 ./drivers/fsl_uart.o
                0x0000000000001ca8                UART3_DriverIRQHandler
 .text.UART4_DriverIRQHandler
                0x0000000000001cd0       0x28 ./drivers/fsl_uart.o
                0x0000000000001cd0                UART4_DriverIRQHandler
 .text.SystemInit
                0x0000000000001cf8       0x3c ./device/system_MK66F18.o
                0x0000000000001cf8                SystemInit
 .text.HAL_UartInit
                0x0000000000001d34      0x128 ./component/uart/fsl_adapter_uart.o
                0x0000000000001d34                HAL_UartInit
 .text.HAL_UartReceiveBlocking
                0x0000000000001e5c       0x6c ./component/uart/fsl_adapter_uart.o
                0x0000000000001e5c                HAL_UartReceiveBlocking
 .text.HAL_UartSendBlocking
                0x0000000000001ec8       0x64 ./component/uart/fsl_adapter_uart.o
                0x0000000000001ec8                HAL_UartSendBlocking
 .text.CLOCK_SetSdhc0Clock
                0x0000000000001f2c       0x38 ./board/clock_config.o
 .text.CLOCK_SetEnetTime0Clock
                0x0000000000001f64       0x38 ./board/clock_config.o
 .text.CLOCK_SetRmii0Clock
                0x0000000000001f9c       0x38 ./board/clock_config.o
 .text.CLOCK_SetLpuartClock
                0x0000000000001fd4       0x38 ./board/clock_config.o
 .text.CLOCK_SetTpmClock
                0x000000000000200c       0x38 ./board/clock_config.o
 .text.CLOCK_SetTraceClock
                0x0000000000002044       0x54 ./board/clock_config.o
 .text.CLOCK_SetClkOutClock
                0x0000000000002098       0x34 ./board/clock_config.o
 .text.CLOCK_SetRtcClkOutClock
                0x00000000000020cc       0x38 ./board/clock_config.o
 .text.CLOCK_SetSimSafeDivs
                0x0000000000002104       0x24 ./board/clock_config.o
 .text.CLOCK_SetXtal0Freq
                0x0000000000002128       0x20 ./board/clock_config.o
 .text.CLOCK_SetXtal32Freq
                0x0000000000002148       0x20 ./board/clock_config.o
 .text.CLOCK_CONFIG_SetRtcClock
                0x0000000000002168       0x84 ./board/clock_config.o
 .text.CLOCK_CONFIG_EnableUsbhs0PhyPllClock
                0x00000000000021ec       0xf4 ./board/clock_config.o
 .text.CLOCK_CONFIG_EnableUsbhs0PfdClock
                0x00000000000022e0       0xb4 ./board/clock_config.o
 .text.CLOCK_CONFIG_SetUsbSlowClock
                0x0000000000002394       0x38 ./board/clock_config.o
 .text.CLOCK_CONFIG_SetFllExtRefDiv
                0x00000000000023cc       0x3c ./board/clock_config.o
 .text.BOARD_BootClockHSRUN
                0x0000000000002408       0xe0 ./board/clock_config.o
                0x0000000000002408                BOARD_BootClockHSRUN
 .text.__NVIC_EnableIRQ
                0x00000000000024e8       0x3c ./board/peripherals.o
 .text.PORT_SetPinConfig
                0x0000000000002524       0x38 ./board/pin_mux.o
 .text.BOARD_InitPins
                0x000000000000255c       0x30 ./board/pin_mux.o
                0x000000000000255c                BOARD_InitPins
 .text.BOARD_InitBUTTONsPins
                0x000000000000258c       0xac ./board/pin_mux.o
                0x000000000000258c                BOARD_InitBUTTONsPins
 .text.BOARD_InitLEDsPins
                0x0000000000002638       0xd4 ./board/pin_mux.o
                0x0000000000002638                BOARD_InitLEDsPins
 .text.BOARD_InitDEBUG_UARTPins
                0x000000000000270c       0x68 ./board/pin_mux.o
                0x000000000000270c                BOARD_InitDEBUG_UARTPins
 .text.__assertion_failed
                0x0000000000002774       0x4c /Applications/MCUXpressoIDE_11.8.0_1165/ide/plugins/com.nxp.mcuxpresso.tools.macosx_11.8.0.202306131047/tools/bin/../lib/gcc/arm-none-eabi/12.2.1/../../../../arm-none-eabi/lib/thumb/v7e-m+fp/hard/libcr_nohost_nf.a(_cr_assert.o)
                0x0000000000002774                __assertion_failed
 .text._Cwritebuf
                0x00000000000027c0       0x6c /Applications/MCUXpressoIDE_11.8.0_1165/ide/plugins/com.nxp.mcuxpresso.tools.macosx_11.8.0.202306131047/tools/bin/../lib/gcc/arm-none-eabi/12.2.1/../../../../arm-none-eabi/lib/thumb/v7e-m+fp/hard/libcr_c.a(_writebuf.o)
                0x00000000000027c0                _Cwritebuf
 .text.malloc   0x000000000000282c       0xe8 /Applications/MCUXpressoIDE_11.8.0_1165/ide/plugins/com.nxp.mcuxpresso.tools.macosx_11.8.0.202306131047/tools/bin/../lib/gcc/arm-none-eabi/12.2.1/../../../../arm-none-eabi/lib/thumb/v7e-m+fp/hard/libcr_c.a(alloc.o)
                0x000000000000282c                malloc
 .text._Csys_alloc
                0x0000000000002914       0x20 /Applications/MCUXpressoIDE_11.8.0_1165/ide/plugins/com.nxp.mcuxpresso.tools.macosx_11.8.0.202306131047/tools/bin/../lib/gcc/arm-none-eabi/12.2.1/../../../../arm-none-eabi/lib/thumb/v7e-m+fp/hard/libcr_c.a(alloc.o)
                0x0000000000002914                _Csys_alloc
 .text.fseek    0x0000000000002934       0xf8 /Applications/MCUXpressoIDE_11.8.0_1165/ide/plugins/com.nxp.mcuxpresso.tools.macosx_11.8.0.202306131047/tools/bin/../lib/gcc/arm-none-eabi/12.2.1/../../../../arm-none-eabi/lib/thumb/v7e-m+fp/hard/libcr_c.a(fseek.o)
                0x0000000000002934                fseek
 .text.ftell    0x0000000000002a2c       0x44 /Applications/MCUXpressoIDE_11.8.0_1165/ide/plugins/com.nxp.mcuxpresso.tools.macosx_11.8.0.202306131047/tools/bin/../lib/gcc/arm-none-eabi/12.2.1/../../../../arm-none-eabi/lib/thumb/v7e-m+fp/hard/libcr_c.a(ftell.o)
                0x0000000000002a2c                ftell
 .text._initio  0x0000000000002a70       0x78 /Applications/MCUXpressoIDE_11.8.0_1165/ide/plugins/com.nxp.mcuxpresso.tools.macosx_11.8.0.202306131047/tools/bin/../lib/gcc/arm-none-eabi/12.2.1/../../../../arm-none-eabi/lib/thumb/v7e-m+fp/hard/libcr_c.a(initio.o)
                0x0000000000002a70                _initio
 .text._sbrk    0x0000000000002ae8       0x3c /Applications/MCUXpressoIDE_11.8.0_1165/ide/plugins/com.nxp.mcuxpresso.tools.macosx_11.8.0.202306131047/tools/bin/../lib/gcc/arm-none-eabi/12.2.1/../../../../arm-none-eabi/lib/thumb/v7e-m+fp/hard/libcr_c.a(_cr_sbrk.o)
                0x0000000000002ae8                _sbrk
 .text.fflush   0x0000000000002b24       0x3c /Applications/MCUXpressoIDE_11.8.0_1165/ide/plugins/com.nxp.mcuxpresso.tools.macosx_11.8.0.202306131047/tools/bin/../lib/gcc/arm-none-eabi/12.2.1/../../../../arm-none-eabi/lib/thumb/v7e-m+fp/hard/libcr_c.a(fflush.o)
                0x0000000000002b24                fflush
 .text.__check_heap_overflow
                0x0000000000002b60       0x18 /Applications/MCUXpressoIDE_11.8.0_1165/ide/plugins/com.nxp.mcuxpresso.tools.macosx_11.8.0.202306131047/tools/bin/../lib/gcc/arm-none-eabi/12.2.1/../../../../arm-none-eabi/lib/thumb/v7e-m+fp/hard/libcr_c.a(_cr_check_heap.o)
                0x0000000000002b60                __check_heap_overflow
 .text.DbgConsole_PrintCallback
                0x0000000000002b78       0x66 ./utilities/fsl_debug_console.o
 .text.DbgConsole_Printf
                0x0000000000002bde       0x2c ./utilities/fsl_debug_console.o
                0x0000000000002bde                DbgConsole_Printf
 .text.DbgConsole_Getchar
                0x0000000000002c0a       0x2c ./utilities/fsl_debug_console.o
                0x0000000000002c0a                DbgConsole_Getchar
 .text.PrintGetWidth
                0x0000000000002c36       0x6a ./utilities/fsl_str.o
 .text.PrintGetPrecision
                0x0000000000002ca0       0x8c ./utilities/fsl_str.o
 .text.PrintIsobpu
                0x0000000000002d2c       0x38 ./utilities/fsl_str.o
 .text.PrintIsdi
                0x0000000000002d64       0x2c ./utilities/fsl_str.o
 .text.PrintOutputdifFobpu
                0x0000000000002d90       0x44 ./utilities/fsl_str.o
 .text.PrintOutputxX
                0x0000000000002dd4       0x44 ./utilities/fsl_str.o
 .text.PrintIsfF
                0x0000000000002e18       0x2c ./utilities/fsl_str.o
 .text.PrintIsxX
                0x0000000000002e44       0x2c ./utilities/fsl_str.o
 .text.PrintFilterLengthFlag
                0x0000000000002e70       0x3e ./utilities/fsl_str.o
 .text.PrintGetRadixFromobpu
                0x0000000000002eae       0x40 ./utilities/fsl_str.o
 .text.ConvertRadixNumToString
                0x0000000000002eee       0xc2 ./utilities/fsl_str.o
 .text.StrFormatPrintf
                0x0000000000002fb0      0x2ac ./utilities/fsl_str.o
                0x0000000000002fb0                StrFormatPrintf
 .text.DMA0_DMA16_IRQHandler
                0x000000000000325c        0x8 ./startup/startup_mk66f18.o
                0x000000000000325c                DMA0_DMA16_IRQHandler
 .text.DMA1_DMA17_IRQHandler
                0x0000000000003264        0x8 ./startup/startup_mk66f18.o
                0x0000000000003264                DMA1_DMA17_IRQHandler
 .text.DMA2_DMA18_IRQHandler
                0x000000000000326c        0x8 ./startup/startup_mk66f18.o
                0x000000000000326c                DMA2_DMA18_IRQHandler
 .text.DMA3_DMA19_IRQHandler
                0x0000000000003274        0x8 ./startup/startup_mk66f18.o
                0x0000000000003274                DMA3_DMA19_IRQHandler
 .text.DMA4_DMA20_IRQHandler
                0x000000000000327c        0x8 ./startup/startup_mk66f18.o
                0x000000000000327c                DMA4_DMA20_IRQHandler
 .text.DMA5_DMA21_IRQHandler
                0x0000000000003284        0x8 ./startup/startup_mk66f18.o
                0x0000000000003284                DMA5_DMA21_IRQHandler
 .text.DMA6_DMA22_IRQHandler
                0x000000000000328c        0x8 ./startup/startup_mk66f18.o
                0x000000000000328c                DMA6_DMA22_IRQHandler
 .text.DMA7_DMA23_IRQHandler
                0x0000000000003294        0x8 ./startup/startup_mk66f18.o
                0x0000000000003294                DMA7_DMA23_IRQHandler
 .text.DMA8_DMA24_IRQHandler
                0x000000000000329c        0x8 ./startup/startup_mk66f18.o
                0x000000000000329c                DMA8_DMA24_IRQHandler
 .text.DMA9_DMA25_IRQHandler
                0x00000000000032a4        0x8 ./startup/startup_mk66f18.o
                0x00000000000032a4                DMA9_DMA25_IRQHandler
 .text.DMA10_DMA26_IRQHandler
                0x00000000000032ac        0x8 ./startup/startup_mk66f18.o
                0x00000000000032ac                DMA10_DMA26_IRQHandler
 .text.DMA11_DMA27_IRQHandler
                0x00000000000032b4        0x8 ./startup/startup_mk66f18.o
                0x00000000000032b4                DMA11_DMA27_IRQHandler
 .text.DMA12_DMA28_IRQHandler
                0x00000000000032bc        0x8 ./startup/startup_mk66f18.o
                0x00000000000032bc                DMA12_DMA28_IRQHandler
 .text.DMA13_DMA29_IRQHandler
                0x00000000000032c4        0x8 ./startup/startup_mk66f18.o
                0x00000000000032c4                DMA13_DMA29_IRQHandler
 .text.DMA14_DMA30_IRQHandler
                0x00000000000032cc        0x8 ./startup/startup_mk66f18.o
                0x00000000000032cc                DMA14_DMA30_IRQHandler
 .text.DMA15_DMA31_IRQHandler
                0x00000000000032d4        0x8 ./startup/startup_mk66f18.o
                0x00000000000032d4                DMA15_DMA31_IRQHandler
 .text.DMA_Error_IRQHandler
                0x00000000000032dc        0x8 ./startup/startup_mk66f18.o
                0x00000000000032dc                DMA_Error_IRQHandler
 .text.MCM_IRQHandler
                0x00000000000032e4        0x8 ./startup/startup_mk66f18.o
                0x00000000000032e4                MCM_IRQHandler
 .text.FTFE_IRQHandler
                0x00000000000032ec        0x8 ./startup/startup_mk66f18.o
                0x00000000000032ec                FTFE_IRQHandler
 .text.Read_Collision_IRQHandler
                0x00000000000032f4        0x8 ./startup/startup_mk66f18.o
                0x00000000000032f4                Read_Collision_IRQHandler
 .text.LVD_LVW_IRQHandler
                0x00000000000032fc        0x8 ./startup/startup_mk66f18.o
                0x00000000000032fc                LVD_LVW_IRQHandler
 .text.LLWU_IRQHandler
                0x0000000000003304        0x8 ./startup/startup_mk66f18.o
                0x0000000000003304                LLWU_IRQHandler
 .text.WDOG_EWM_IRQHandler
                0x000000000000330c        0x8 ./startup/startup_mk66f18.o
                0x000000000000330c                WDOG_EWM_IRQHandler
 .text.RNG_IRQHandler
                0x0000000000003314        0x8 ./startup/startup_mk66f18.o
                0x0000000000003314                RNG_IRQHandler
 .text.I2C0_IRQHandler
                0x000000000000331c        0x8 ./startup/startup_mk66f18.o
                0x000000000000331c                I2C0_IRQHandler
 .text.I2C1_IRQHandler
                0x0000000000003324        0x8 ./startup/startup_mk66f18.o
                0x0000000000003324                I2C1_IRQHandler
 .text.SPI0_IRQHandler
                0x000000000000332c        0x8 ./startup/startup_mk66f18.o
                0x000000000000332c                SPI0_IRQHandler
 .text.SPI1_IRQHandler
                0x0000000000003334        0x8 ./startup/startup_mk66f18.o
                0x0000000000003334                SPI1_IRQHandler
 .text.I2S0_Tx_IRQHandler
                0x000000000000333c        0x8 ./startup/startup_mk66f18.o
                0x000000000000333c                I2S0_Tx_IRQHandler
 .text.I2S0_Rx_IRQHandler
                0x0000000000003344        0x8 ./startup/startup_mk66f18.o
                0x0000000000003344                I2S0_Rx_IRQHandler
 .text.Reserved46_IRQHandler
                0x000000000000334c        0x8 ./startup/startup_mk66f18.o
                0x000000000000334c                Reserved46_IRQHandler
 .text.UART0_RX_TX_IRQHandler
                0x0000000000003354        0x8 ./startup/startup_mk66f18.o
                0x0000000000003354                UART0_RX_TX_IRQHandler
 .text.UART0_ERR_IRQHandler
                0x000000000000335c        0x8 ./startup/startup_mk66f18.o
                0x000000000000335c                UART0_ERR_IRQHandler
 .text.UART1_RX_TX_IRQHandler
                0x0000000000003364        0x8 ./startup/startup_mk66f18.o
                0x0000000000003364                UART1_RX_TX_IRQHandler
 .text.UART1_ERR_IRQHandler
                0x000000000000336c        0x8 ./startup/startup_mk66f18.o
                0x000000000000336c                UART1_ERR_IRQHandler
 .text.UART2_RX_TX_IRQHandler
                0x0000000000003374        0x8 ./startup/startup_mk66f18.o
                0x0000000000003374                UART2_RX_TX_IRQHandler
 .text.UART2_ERR_IRQHandler
                0x000000000000337c        0x8 ./startup/startup_mk66f18.o
                0x000000000000337c                UART2_ERR_IRQHandler
 .text.UART3_RX_TX_IRQHandler
                0x0000000000003384        0x8 ./startup/startup_mk66f18.o
                0x0000000000003384                UART3_RX_TX_IRQHandler
 .text.UART3_ERR_IRQHandler
                0x000000000000338c        0x8 ./startup/startup_mk66f18.o
                0x000000000000338c                UART3_ERR_IRQHandler
 .text.ADC0_IRQHandler
                0x0000000000003394        0x8 ./startup/startup_mk66f18.o
                0x0000000000003394                ADC0_IRQHandler
 .text.CMP0_IRQHandler
                0x000000000000339c        0x8 ./startup/startup_mk66f18.o
                0x000000000000339c                CMP0_IRQHandler
 .text.CMP1_IRQHandler
                0x00000000000033a4        0x8 ./startup/startup_mk66f18.o
                0x00000000000033a4                CMP1_IRQHandler
 .text.FTM0_IRQHandler
                0x00000000000033ac        0x8 ./startup/startup_mk66f18.o
                0x00000000000033ac                FTM0_IRQHandler
 .text.FTM1_IRQHandler
                0x00000000000033b4        0x8 ./startup/startup_mk66f18.o
                0x00000000000033b4                FTM1_IRQHandler
 .text.FTM2_IRQHandler
                0x00000000000033bc        0x8 ./startup/startup_mk66f18.o
                0x00000000000033bc                FTM2_IRQHandler
 .text.CMT_IRQHandler
                0x00000000000033c4        0x8 ./startup/startup_mk66f18.o
                0x00000000000033c4                CMT_IRQHandler
 .text.RTC_IRQHandler
                0x00000000000033cc        0x8 ./startup/startup_mk66f18.o
                0x00000000000033cc                RTC_IRQHandler
 .text.RTC_Seconds_IRQHandler
                0x00000000000033d4        0x8 ./startup/startup_mk66f18.o
                0x00000000000033d4                RTC_Seconds_IRQHandler
 .text.PIT0_IRQHandler
                0x00000000000033dc        0x8 ./startup/startup_mk66f18.o
                0x00000000000033dc                PIT0_IRQHandler
 .text.PIT1_IRQHandler
                0x00000000000033e4        0x8 ./startup/startup_mk66f18.o
                0x00000000000033e4                PIT1_IRQHandler
 .text.PIT2_IRQHandler
                0x00000000000033ec        0x8 ./startup/startup_mk66f18.o
                0x00000000000033ec                PIT2_IRQHandler
 .text.PIT3_IRQHandler
                0x00000000000033f4        0x8 ./startup/startup_mk66f18.o
                0x00000000000033f4                PIT3_IRQHandler
 .text.PDB0_IRQHandler
                0x00000000000033fc        0x8 ./startup/startup_mk66f18.o
                0x00000000000033fc                PDB0_IRQHandler
 .text.USB0_IRQHandler
                0x0000000000003404        0x8 ./startup/startup_mk66f18.o
                0x0000000000003404                USB0_IRQHandler
 .text.USBDCD_IRQHandler
                0x000000000000340c        0x8 ./startup/startup_mk66f18.o
                0x000000000000340c                USBDCD_IRQHandler
 .text.Reserved71_IRQHandler
                0x0000000000003414        0x8 ./startup/startup_mk66f18.o
                0x0000000000003414                Reserved71_IRQHandler
 .text.DAC0_IRQHandler
                0x000000000000341c        0x8 ./startup/startup_mk66f18.o
                0x000000000000341c                DAC0_IRQHandler
 .text.MCG_IRQHandler
                0x0000000000003424        0x8 ./startup/startup_mk66f18.o
                0x0000000000003424                MCG_IRQHandler
 .text.LPTMR0_IRQHandler
                0x000000000000342c        0x8 ./startup/startup_mk66f18.o
                0x000000000000342c                LPTMR0_IRQHandler
 .text.PORTB_IRQHandler
                0x0000000000003434        0x8 ./startup/startup_mk66f18.o
                0x0000000000003434                PORTB_IRQHandler
 .text.PORTC_IRQHandler
                0x000000000000343c        0x8 ./startup/startup_mk66f18.o
                0x000000000000343c                PORTC_IRQHandler
 .text.PORTE_IRQHandler
                0x0000000000003444        0x8 ./startup/startup_mk66f18.o
                0x0000000000003444                PORTE_IRQHandler
 .text.SWI_IRQHandler
                0x000000000000344c        0x8 ./startup/startup_mk66f18.o
                0x000000000000344c                SWI_IRQHandler
 .text.SPI2_IRQHandler
                0x0000000000003454        0x8 ./startup/startup_mk66f18.o
                0x0000000000003454                SPI2_IRQHandler
 .text.UART4_RX_TX_IRQHandler
                0x000000000000345c        0x8 ./startup/startup_mk66f18.o
                0x000000000000345c                UART4_RX_TX_IRQHandler
 .text.UART4_ERR_IRQHandler
                0x0000000000003464        0x8 ./startup/startup_mk66f18.o
                0x0000000000003464                UART4_ERR_IRQHandler
 .text.Reserved84_IRQHandler
                0x000000000000346c        0x8 ./startup/startup_mk66f18.o
                0x000000000000346c                Reserved84_IRQHandler
 .text.Reserved85_IRQHandler
                0x0000000000003474        0x8 ./startup/startup_mk66f18.o
                0x0000000000003474                Reserved85_IRQHandler
 .text.CMP2_IRQHandler
                0x000000000000347c        0x8 ./startup/startup_mk66f18.o
                0x000000000000347c                CMP2_IRQHandler
 .text.FTM3_IRQHandler
                0x0000000000003484        0x8 ./startup/startup_mk66f18.o
                0x0000000000003484                FTM3_IRQHandler
 .text.DAC1_IRQHandler
                0x000000000000348c        0x8 ./startup/startup_mk66f18.o
                0x000000000000348c                DAC1_IRQHandler
 .text.ADC1_IRQHandler
                0x0000000000003494        0x8 ./startup/startup_mk66f18.o
                0x0000000000003494                ADC1_IRQHandler
 .text.I2C2_IRQHandler
                0x000000000000349c        0x8 ./startup/startup_mk66f18.o
                0x000000000000349c                I2C2_IRQHandler
 .text.CAN0_ORed_Message_buffer_IRQHandler
                0x00000000000034a4        0x8 ./startup/startup_mk66f18.o
                0x00000000000034a4                CAN0_ORed_Message_buffer_IRQHandler
 .text.CAN0_Bus_Off_IRQHandler
                0x00000000000034ac        0x8 ./startup/startup_mk66f18.o
                0x00000000000034ac                CAN0_Bus_Off_IRQHandler
 .text.CAN0_Error_IRQHandler
                0x00000000000034b4        0x8 ./startup/startup_mk66f18.o
                0x00000000000034b4                CAN0_Error_IRQHandler
 .text.CAN0_Tx_Warning_IRQHandler
                0x00000000000034bc        0x8 ./startup/startup_mk66f18.o
                0x00000000000034bc                CAN0_Tx_Warning_IRQHandler
 .text.CAN0_Rx_Warning_IRQHandler
                0x00000000000034c4        0x8 ./startup/startup_mk66f18.o
                0x00000000000034c4                CAN0_Rx_Warning_IRQHandler
 .text.CAN0_Wake_Up_IRQHandler
                0x00000000000034cc        0x8 ./startup/startup_mk66f18.o
                0x00000000000034cc                CAN0_Wake_Up_IRQHandler
 .text.SDHC_IRQHandler
                0x00000000000034d4        0x8 ./startup/startup_mk66f18.o
                0x00000000000034d4                SDHC_IRQHandler
 .text.ENET_1588_Timer_IRQHandler
                0x00000000000034dc        0x8 ./startup/startup_mk66f18.o
                0x00000000000034dc                ENET_1588_Timer_IRQHandler
 .text.ENET_Transmit_IRQHandler
                0x00000000000034e4        0x8 ./startup/startup_mk66f18.o
                0x00000000000034e4                ENET_Transmit_IRQHandler
 .text.ENET_Receive_IRQHandler
                0x00000000000034ec        0x8 ./startup/startup_mk66f18.o
                0x00000000000034ec                ENET_Receive_IRQHandler
 .text.ENET_Error_IRQHandler
                0x00000000000034f4        0x8 ./startup/startup_mk66f18.o
                0x00000000000034f4                ENET_Error_IRQHandler
 .text.LPUART0_IRQHandler
                0x00000000000034fc        0x8 ./startup/startup_mk66f18.o
                0x00000000000034fc                LPUART0_IRQHandler
 .text.TSI0_IRQHandler
                0x0000000000003504        0x8 ./startup/startup_mk66f18.o
                0x0000000000003504                TSI0_IRQHandler
 .text.TPM1_IRQHandler
                0x000000000000350c        0x8 ./startup/startup_mk66f18.o
                0x000000000000350c                TPM1_IRQHandler
 .text.TPM2_IRQHandler
                0x0000000000003514        0x8 ./startup/startup_mk66f18.o
                0x0000000000003514                TPM2_IRQHandler
 .text.USBHSDCD_IRQHandler
                0x000000000000351c        0x8 ./startup/startup_mk66f18.o
                0x000000000000351c                USBHSDCD_IRQHandler
 .text.I2C3_IRQHandler
                0x0000000000003524        0x8 ./startup/startup_mk66f18.o
                0x0000000000003524                I2C3_IRQHandler
 .text.CMP3_IRQHandler
                0x000000000000352c        0x8 ./startup/startup_mk66f18.o
                0x000000000000352c                CMP3_IRQHandler
 .text.USBHS_IRQHandler
                0x0000000000003534        0x8 ./startup/startup_mk66f18.o
                0x0000000000003534                USBHS_IRQHandler
 .text.CAN1_ORed_Message_buffer_IRQHandler
                0x000000000000353c        0x8 ./startup/startup_mk66f18.o
                0x000000000000353c                CAN1_ORed_Message_buffer_IRQHandler
 .text.CAN1_Bus_Off_IRQHandler
                0x0000000000003544        0x8 ./startup/startup_mk66f18.o
                0x0000000000003544                CAN1_Bus_Off_IRQHandler
 .text.CAN1_Error_IRQHandler
                0x000000000000354c        0x8 ./startup/startup_mk66f18.o
                0x000000000000354c                CAN1_Error_IRQHandler
 .text.CAN1_Tx_Warning_IRQHandler
                0x0000000000003554        0x8 ./startup/startup_mk66f18.o
                0x0000000000003554                CAN1_Tx_Warning_IRQHandler
 .text.CAN1_Rx_Warning_IRQHandler
                0x000000000000355c        0x8 ./startup/startup_mk66f18.o
                0x000000000000355c                CAN1_Rx_Warning_IRQHandler
 .text.CAN1_Wake_Up_IRQHandler
                0x0000000000003564        0x8 ./startup/startup_mk66f18.o
                0x0000000000003564                CAN1_Wake_Up_IRQHandler
 .text.readString
                0x000000000000356c       0x64 ./source/final_project.o
                0x000000000000356c                readString
 .text.HardFault_Handler
                0x00000000000035d0       0x36 ./source/semihost_hardfault.o
                0x00000000000035d0                HardFault_Handler
 .text.CLOCK_EnableClock
                0x0000000000003606       0x34 ./drivers/fsl_clock.o
 .text.CLOCK_DisableClock
                0x000000000000363a       0x38 ./drivers/fsl_clock.o
 .text.OSC_SetExtRefClkConfig
                0x0000000000003672       0x40 ./drivers/fsl_clock.o
 .text.OSC_SetCapLoad
                0x00000000000036b2       0x34 ./drivers/fsl_clock.o
 .text.CLOCK_GetPll0RefFreq
                0x00000000000036e6        0xe ./drivers/fsl_clock.o
 .text.GPIO_PinWrite
                0x00000000000036f4       0x36 ./drivers/fsl_gpio.o
 .text.SMC_SetPowerModeHsrun
                0x000000000000372a       0x32 ./drivers/fsl_smc.o
                0x000000000000372a                SMC_SetPowerModeHsrun
 .text.CLOCK_EnableClock
                0x000000000000375c       0x34 ./drivers/fsl_uart.o
 .text.UART_GetStatusFlags
                0x0000000000003790       0x48 ./drivers/fsl_uart.o
                0x0000000000003790                UART_GetStatusFlags
 .text.UART_ClearStatusFlags
                0x00000000000037d8       0x80 ./drivers/fsl_uart.o
                0x00000000000037d8                UART_ClearStatusFlags
 .text.UART_WriteBlocking
                0x0000000000003858       0x50 ./drivers/fsl_uart.o
                0x0000000000003858                UART_WriteBlocking
 .text.UART0_RX_TX_DriverIRQHandler
                0x00000000000038a8       0x12 ./drivers/fsl_uart.o
                0x00000000000038a8                UART0_RX_TX_DriverIRQHandler
 .text.UART1_RX_TX_DriverIRQHandler
                0x00000000000038ba       0x12 ./drivers/fsl_uart.o
                0x00000000000038ba                UART1_RX_TX_DriverIRQHandler
 .text.UART2_RX_TX_DriverIRQHandler
                0x00000000000038cc       0x12 ./drivers/fsl_uart.o
                0x00000000000038cc                UART2_RX_TX_DriverIRQHandler
 .text.UART3_RX_TX_DriverIRQHandler
                0x00000000000038de       0x12 ./drivers/fsl_uart.o
                0x00000000000038de                UART3_RX_TX_DriverIRQHandler
 .text.UART4_RX_TX_DriverIRQHandler
                0x00000000000038f0       0x12 ./drivers/fsl_uart.o
                0x00000000000038f0                UART4_RX_TX_DriverIRQHandler
 .text.SystemInitHook
                0x0000000000003902        0xe ./device/system_MK66F18.o
                0x0000000000003902                SystemInitHook
 .text.HAL_UartGetStatus
                0x0000000000003910       0x22 ./component/uart/fsl_adapter_uart.o
 .text.DisableGlobalIRQ
                0x0000000000003932       0x22 ./component/serial_manager/fsl_component_serial_manager.o
 .text.EnableGlobalIRQ
                0x0000000000003954       0x20 ./component/serial_manager/fsl_component_serial_manager.o
 .text.SerialManager_StartWriting
                0x0000000000003974       0x38 ./component/serial_manager/fsl_component_serial_manager.o
 .text.SerialManager_StartReading
                0x00000000000039ac       0x38 ./component/serial_manager/fsl_component_serial_manager.o
 .text.SerialManager_Write
                0x00000000000039e4       0x44 ./component/serial_manager/fsl_component_serial_manager.o
 .text.SerialManager_Read
                0x0000000000003a28       0x44 ./component/serial_manager/fsl_component_serial_manager.o
 .text.SerialManager_Init
                0x0000000000003a6c       0x60 ./component/serial_manager/fsl_component_serial_manager.o
                0x0000000000003a6c                SerialManager_Init
 .text.SerialManager_OpenWriteHandle
                0x0000000000003acc       0x50 ./component/serial_manager/fsl_component_serial_manager.o
                0x0000000000003acc                SerialManager_OpenWriteHandle
 .text.SerialManager_OpenReadHandle
                0x0000000000003b1c       0x60 ./component/serial_manager/fsl_component_serial_manager.o
                0x0000000000003b1c                SerialManager_OpenReadHandle
 .text.SerialManager_WriteBlocking
                0x0000000000003b7c       0x20 ./component/serial_manager/fsl_component_serial_manager.o
                0x0000000000003b7c                SerialManager_WriteBlocking
 .text.SerialManager_ReadBlocking
                0x0000000000003b9c       0x20 ./component/serial_manager/fsl_component_serial_manager.o
                0x0000000000003b9c                SerialManager_ReadBlocking
 .text.Serial_UartInit
                0x0000000000003bbc       0x3e ./component/serial_manager/fsl_component_serial_port_uart.o
                0x0000000000003bbc                Serial_UartInit
 .text.Serial_UartWrite
                0x0000000000003bfa       0x38 ./component/serial_manager/fsl_component_serial_port_uart.o
                0x0000000000003bfa                Serial_UartWrite
 .text.Serial_UartRead
                0x0000000000003c32       0x38 ./component/serial_manager/fsl_component_serial_port_uart.o
                0x0000000000003c32                Serial_UartRead
 .text.BOARD_InitDebugConsole
                0x0000000000003c6a       0x22 ./board/board.o
                0x0000000000003c6a                BOARD_InitDebugConsole
 .text.CLOCK_EnableClock
                0x0000000000003c8c       0x34 ./board/clock_config.o
 .text.CLOCK_DisableClock
                0x0000000000003cc0       0x38 ./board/clock_config.o
 .text.SMC_SetPowerModeProtection
                0x0000000000003cf8       0x1e ./board/clock_config.o
 .text.SMC_GetPowerModeState
                0x0000000000003d16       0x1a ./board/clock_config.o
 .text.RTC_SetOscCapLoad
                0x0000000000003d30       0x32 ./board/clock_config.o
 .text.BOARD_InitBootClocks
                0x0000000000003d62        0xc ./board/clock_config.o
                0x0000000000003d62                BOARD_InitBootClocks
 .text.EnableIRQ
                0x0000000000003d6e       0x32 ./board/peripherals.o
 .text.GPIOA_init
                0x0000000000003da0        0xe ./board/peripherals.o
 .text.GPIOD_init
                0x0000000000003dae        0xe ./board/peripherals.o
 .text.BOARD_InitPeripherals
                0x0000000000003dbc       0x10 ./board/peripherals.o
                0x0000000000003dbc                BOARD_InitPeripherals
 .text.BOARD_InitBootPeripherals
                0x0000000000003dcc        0xc ./board/peripherals.o
                0x0000000000003dcc                BOARD_InitBootPeripherals
 .text.CLOCK_EnableClock
                0x0000000000003dd8       0x34 ./board/pin_mux.o
 .text.PORT_SetPinMux
                0x0000000000003e0c       0x3a ./board/pin_mux.o
 .text.PORT_SetPinInterruptConfig
                0x0000000000003e46       0x3a ./board/pin_mux.o
 .text.BOARD_InitBootPins
                0x0000000000003e80       0x18 ./board/pin_mux.o
                0x0000000000003e80                BOARD_InitBootPins
 .text.__main   0x0000000000003e98        0xe /Applications/MCUXpressoIDE_11.8.0_1165/ide/plugins/com.nxp.mcuxpresso.tools.macosx_11.8.0.202306131047/tools/bin/../lib/gcc/arm-none-eabi/12.2.1/../../../../arm-none-eabi/lib/thumb/v7e-m+fp/hard/libcr_nohost_nf.a(_cr__main.o)
                0x0000000000003e98                __main
 .text.__sys_appexit
                0x0000000000003ea6        0x2 /Applications/MCUXpressoIDE_11.8.0_1165/ide/plugins/com.nxp.mcuxpresso.tools.macosx_11.8.0.202306131047/tools/bin/../lib/gcc/arm-none-eabi/12.2.1/../../../../arm-none-eabi/lib/thumb/v7e-m+fp/hard/libcr_nohost_nf.a(__sys_appexit.o)
                0x0000000000003ea6                __exit
                0x0000000000003ea6                __sys_appexit
 .text.memcpy   0x0000000000003ea8        0x4 /Applications/MCUXpressoIDE_11.8.0_1165/ide/plugins/com.nxp.mcuxpresso.tools.macosx_11.8.0.202306131047/tools/bin/../lib/gcc/arm-none-eabi/12.2.1/../../../../arm-none-eabi/lib/thumb/v7e-m+fp/hard/libcr_c.a(memcpy.o)
                0x0000000000003ea8                memcpy
 .text.memset   0x0000000000003eac        0x4 /Applications/MCUXpressoIDE_11.8.0_1165/ide/plugins/com.nxp.mcuxpresso.tools.macosx_11.8.0.202306131047/tools/bin/../lib/gcc/arm-none-eabi/12.2.1/../../../../arm-none-eabi/lib/thumb/v7e-m+fp/hard/libcr_c.a(memset.o)
                0x0000000000003eac                memset
 .text._deferredlazyseek
                0x0000000000003eb0       0x40 /Applications/MCUXpressoIDE_11.8.0_1165/ide/plugins/com.nxp.mcuxpresso.tools.macosx_11.8.0.202306131047/tools/bin/../lib/gcc/arm-none-eabi/12.2.1/../../../../arm-none-eabi/lib/thumb/v7e-m+fp/hard/libcr_c.a(_deferredlazyseek.o)
                0x0000000000003eb0                _deferredlazyseek
 .text.__flsbuf
                0x0000000000003ef0      0x140 /Applications/MCUXpressoIDE_11.8.0_1165/ide/plugins/com.nxp.mcuxpresso.tools.macosx_11.8.0.202306131047/tools/bin/../lib/gcc/arm-none-eabi/12.2.1/../../../../arm-none-eabi/lib/thumb/v7e-m+fp/hard/libcr_c.a(_deferredlazyseek.o)
                0x0000000000003ef0                __flsbuf
 .text._fflush  0x0000000000004030       0x52 /Applications/MCUXpressoIDE_11.8.0_1165/ide/plugins/com.nxp.mcuxpresso.tools.macosx_11.8.0.202306131047/tools/bin/../lib/gcc/arm-none-eabi/12.2.1/../../../../arm-none-eabi/lib/thumb/v7e-m+fp/hard/libcr_c.a(_fflush.o)
                0x0000000000004030                _fflush
 .text.free     0x0000000000004082       0x30 /Applications/MCUXpressoIDE_11.8.0_1165/ide/plugins/com.nxp.mcuxpresso.tools.macosx_11.8.0.202306131047/tools/bin/../lib/gcc/arm-none-eabi/12.2.1/../../../../arm-none-eabi/lib/thumb/v7e-m+fp/hard/libcr_c.a(alloc.o)
                0x0000000000004082                free
 .text.fputs    0x00000000000040b2       0x2c /Applications/MCUXpressoIDE_11.8.0_1165/ide/plugins/com.nxp.mcuxpresso.tools.macosx_11.8.0.202306131047/tools/bin/../lib/gcc/arm-none-eabi/12.2.1/../../../../arm-none-eabi/lib/thumb/v7e-m+fp/hard/libcr_c.a(fputs.o)
                0x00000000000040b2                fputs
 .text.setvbuf  0x00000000000040de       0x3e /Applications/MCUXpressoIDE_11.8.0_1165/ide/plugins/com.nxp.mcuxpresso.tools.macosx_11.8.0.202306131047/tools/bin/../lib/gcc/arm-none-eabi/12.2.1/../../../../arm-none-eabi/lib/thumb/v7e-m+fp/hard/libcr_c.a(setvbuf.o)
                0x00000000000040de                setvbuf
 .text.strlen   0x000000000000411c       0x4e /Applications/MCUXpressoIDE_11.8.0_1165/ide/plugins/com.nxp.mcuxpresso.tools.macosx_11.8.0.202306131047/tools/bin/../lib/gcc/arm-none-eabi/12.2.1/../../../../arm-none-eabi/lib/thumb/v7e-m+fp/hard/libcr_c.a(strlen.o)
                0x000000000000411c                strlen
 .text._fdopen  0x000000000000416a       0x68 /Applications/MCUXpressoIDE_11.8.0_1165/ide/plugins/com.nxp.mcuxpresso.tools.macosx_11.8.0.202306131047/tools/bin/../lib/gcc/arm-none-eabi/12.2.1/../../../../arm-none-eabi/lib/thumb/v7e-m+fp/hard/libcr_c.a(_fdopen.o)
                0x000000000000416a                _fdopen
 .text.fclose   0x00000000000041d2       0x58 /Applications/MCUXpressoIDE_11.8.0_1165/ide/plugins/com.nxp.mcuxpresso.tools.macosx_11.8.0.202306131047/tools/bin/../lib/gcc/arm-none-eabi/12.2.1/../../../../arm-none-eabi/lib/thumb/v7e-m+fp/hard/libcr_c.a(fclose.o)
                0x00000000000041d2                fclose
 .text.remove   0x000000000000422a       0x14 /Applications/MCUXpressoIDE_11.8.0_1165/ide/plugins/com.nxp.mcuxpresso.tools.macosx_11.8.0.202306131047/tools/bin/../lib/gcc/arm-none-eabi/12.2.1/../../../../arm-none-eabi/lib/thumb/v7e-m+fp/hard/libcr_c.a(remove.o)
                0x000000000000422a                remove
 .text._do_fflush
                0x000000000000423e       0x40 /Applications/MCUXpressoIDE_11.8.0_1165/ide/plugins/com.nxp.mcuxpresso.tools.macosx_11.8.0.202306131047/tools/bin/../lib/gcc/arm-none-eabi/12.2.1/../../../../arm-none-eabi/lib/thumb/v7e-m+fp/hard/libcr_c.a(_do_fflush.o)
                0x000000000000423e                _do_fflush
 .text.__aeabi_memcpy
                0x000000000000427e       0x34 /Applications/MCUXpressoIDE_11.8.0_1165/ide/plugins/com.nxp.mcuxpresso.tools.macosx_11.8.0.202306131047/tools/bin/../lib/gcc/arm-none-eabi/12.2.1/thumb/v7e-m+fp/hard/libcr_eabihelpers.a(memcpy.o)
                0x000000000000427e                __aeabi_memcpy
                0x0000000000004288                __aeabi_memcpy4
                0x0000000000004288                __aeabi_memcpy8
 .text.__aeabi_memset_lowlevel
                0x00000000000042b2       0x32 /Applications/MCUXpressoIDE_11.8.0_1165/ide/plugins/com.nxp.mcuxpresso.tools.macosx_11.8.0.202306131047/tools/bin/../lib/gcc/arm-none-eabi/12.2.1/thumb/v7e-m+fp/hard/libcr_eabihelpers.a(memcpy.o)
                0x00000000000042b2                __aeabi_lowlevel_memset
 .text.__sys_close
                0x00000000000042e4        0x6 /Applications/MCUXpressoIDE_11.8.0_1165/ide/plugins/com.nxp.mcuxpresso.tools.macosx_11.8.0.202306131047/tools/bin/../lib/gcc/arm-none-eabi/12.2.1/../../../../arm-none-eabi/lib/thumb/v7e-m+fp/hard/libcr_nohost_nf.a(__sys_close.o)
                0x00000000000042e4                __sys_close
 .text.__sys_flen
                0x00000000000042ea        0x6 /Applications/MCUXpressoIDE_11.8.0_1165/ide/plugins/com.nxp.mcuxpresso.tools.macosx_11.8.0.202306131047/tools/bin/../lib/gcc/arm-none-eabi/12.2.1/../../../../arm-none-eabi/lib/thumb/v7e-m+fp/hard/libcr_nohost_nf.a(__sys_flen.o)
                0x00000000000042ea                __sys_flen
 .text.__sys_istty
                0x00000000000042f0        0x6 /Applications/MCUXpressoIDE_11.8.0_1165/ide/plugins/com.nxp.mcuxpresso.tools.macosx_11.8.0.202306131047/tools/bin/../lib/gcc/arm-none-eabi/12.2.1/../../../../arm-none-eabi/lib/thumb/v7e-m+fp/hard/libcr_nohost_nf.a(__sys_istty.o)
                0x00000000000042f0                __sys_istty
 .text.__sys_remove
                0x00000000000042f6        0x6 /Applications/MCUXpressoIDE_11.8.0_1165/ide/plugins/com.nxp.mcuxpresso.tools.macosx_11.8.0.202306131047/tools/bin/../lib/gcc/arm-none-eabi/12.2.1/../../../../arm-none-eabi/lib/thumb/v7e-m+fp/hard/libcr_nohost_nf.a(__sys_remove.o)
                0x00000000000042f6                __sys_remove
 .text.__sys_seek
                0x00000000000042fc        0x6 /Applications/MCUXpressoIDE_11.8.0_1165/ide/plugins/com.nxp.mcuxpresso.tools.macosx_11.8.0.202306131047/tools/bin/../lib/gcc/arm-none-eabi/12.2.1/../../../../arm-none-eabi/lib/thumb/v7e-m+fp/hard/libcr_nohost_nf.a(__sys_seek.o)
                0x00000000000042fc                __sys_seek
 .text.__sys_tmpnam
                0x0000000000004302        0x6 /Applications/MCUXpressoIDE_11.8.0_1165/ide/plugins/com.nxp.mcuxpresso.tools.macosx_11.8.0.202306131047/tools/bin/../lib/gcc/arm-none-eabi/12.2.1/../../../../arm-none-eabi/lib/thumb/v7e-m+fp/hard/libcr_nohost_nf.a(__sys_tmpnam.o)
                0x0000000000004302                __sys_tmpnam
 .text.__sys_write
                0x0000000000004308        0x4 /Applications/MCUXpressoIDE_11.8.0_1165/ide/plugins/com.nxp.mcuxpresso.tools.macosx_11.8.0.202306131047/tools/bin/../lib/gcc/arm-none-eabi/12.2.1/../../../../arm-none-eabi/lib/thumb/v7e-m+fp/hard/libcr_nohost_nf.a(__sys_write.o)
                0x0000000000004308                __sys_write
 *(SORT_BY_ALIGNMENT(.rodata) SORT_BY_ALIGNMENT(.rodata.*) SORT_BY_ALIGNMENT(.constdata) SORT_BY_ALIGNMENT(.constdata.*))
 .rodata.runSimulation.str1.4
                0x000000000000430c       0x84 ./source/final_project.o
 .rodata.charToMorse.str1.4
                0x0000000000004390       0x19 ./source/morseConverter.o
 *fill*         0x00000000000043a9        0x3 ff
 .rodata.CLOCK_GetMcgExtClkFreq.str1.4
                0x00000000000043ac       0x49 ./drivers/fsl_clock.o
 *fill*         0x00000000000043f5        0x3 ff
 .rodata.CLOCK_EnableUsbfs0Clock.str1.4
                0x00000000000043f8       0x2d ./drivers/fsl_clock.o
 *fill*         0x0000000000004425        0x3 ff
 .rodata.CLOCK_GetPll0Freq.str1.4
                0x0000000000004428       0x1d ./drivers/fsl_clock.o
 *fill*         0x0000000000004445        0x3 ff
 .rodata.CLOCK_EnablePll0.str1.4
                0x0000000000004448       0x1a ./drivers/fsl_clock.o
 *fill*         0x0000000000004462        0x2 ff
 .rodata.CLOCK_SetPbeMode.str1.4
                0x0000000000004464       0x1a ./drivers/fsl_clock.o
 *fill*         0x000000000000447e        0x2 ff
 .rodata.CLOCK_BootToPeeMode.str1.4
                0x0000000000004480       0x1a ./drivers/fsl_clock.o
 *fill*         0x000000000000449a        0x2 ff
 .rodata.fllFactorTable.1
                0x000000000000449c       0x10 ./drivers/fsl_clock.o
 .rodata.s_portBases
                0x00000000000044ac       0x14 ./drivers/fsl_gpio.o
 .rodata.s_gpioBases
                0x00000000000044c0       0x14 ./drivers/fsl_gpio.o
 .rodata.GPIO_GetInstance.str1.4
                0x00000000000044d4       0x33 ./drivers/fsl_gpio.o
 *fill*         0x0000000000004507        0x1 ff
 .rodata.GPIO_PinInit.str1.4
                0x0000000000004508       0x20 ./drivers/fsl_gpio.o
 .rodata.s_uartBases
                0x0000000000004528       0x14 ./drivers/fsl_uart.o
 .rodata.s_uartClock
                0x000000000000453c       0x14 ./drivers/fsl_uart.o
 .rodata.UART_GetInstance.str1.4
                0x0000000000004550       0x2b ./drivers/fsl_uart.o
 *fill*         0x000000000000457b        0x1 ff
 .rodata.UART_Init.str1.4
                0x000000000000457c       0xfb ./drivers/fsl_uart.o
 *fill*         0x0000000000004677        0x1 ff
 .rodata.UART_GetDefaultConfig.str1.4
                0x0000000000004678       0x20 ./drivers/fsl_uart.o
 .rodata.UART_ReadBlocking.str1.4
                0x0000000000004698       0x1e ./drivers/fsl_uart.o
 *fill*         0x00000000000046b6        0x2 ff
 .rodata.s_UartAdapterBase
                0x00000000000046b8       0x14 ./component/uart/fsl_adapter_uart.o
 .rodata.HAL_UartInit.str1.4
                0x00000000000046cc       0xdd ./component/uart/fsl_adapter_uart.o
 *fill*         0x00000000000047a9        0x3 ff
 .rodata.HAL_UartReceiveBlocking.str1.4
                0x00000000000047ac       0x60 ./component/uart/fsl_adapter_uart.o
 .rodata.HAL_UartSendBlocking.str1.4
                0x000000000000480c       0x60 ./component/uart/fsl_adapter_uart.o
 .rodata.mcgConfig_BOARD_BootClockHSRUN
                0x000000000000486c        0xc ./board/clock_config.o
                0x000000000000486c                mcgConfig_BOARD_BootClockHSRUN
 .rodata.simConfig_BOARD_BootClockHSRUN
                0x0000000000004878        0x8 ./board/clock_config.o
                0x0000000000004878                simConfig_BOARD_BootClockHSRUN
 .rodata.oscConfig_BOARD_BootClockHSRUN
                0x0000000000004880        0x8 ./board/clock_config.o
                0x0000000000004880                oscConfig_BOARD_BootClockHSRUN
 .rodata.PORT_SetPinConfig.str1.4
                0x0000000000004888       0x4c ./board/pin_mux.o
 .rodata        0x00000000000048d4        0x2 ./board/pin_mux.o
 *fill*         0x00000000000048d6        0x2 ff
 .rodata.__num_Ciob_streams
                0x00000000000048d8        0x4 /Applications/MCUXpressoIDE_11.8.0_1165/ide/plugins/com.nxp.mcuxpresso.tools.macosx_11.8.0.202306131047/tools/bin/../lib/gcc/arm-none-eabi/12.2.1/../../../../arm-none-eabi/lib/thumb/v7e-m+fp/hard/libcr_nohost_nf.a(__ciob.o)
                0x00000000000048d8                __num_Ciob_streams
 .rodata.__assertion_failed.str1.1
                0x00000000000048dc       0x15 /Applications/MCUXpressoIDE_11.8.0_1165/ide/plugins/com.nxp.mcuxpresso.tools.macosx_11.8.0.202306131047/tools/bin/../lib/gcc/arm-none-eabi/12.2.1/../../../../arm-none-eabi/lib/thumb/v7e-m+fp/hard/libcr_nohost_nf.a(_cr_assert.o)
 .rodata._Csys_alloc.str1.1
                0x00000000000048f1       0x18 /Applications/MCUXpressoIDE_11.8.0_1165/ide/plugins/com.nxp.mcuxpresso.tools.macosx_11.8.0.202306131047/tools/bin/../lib/gcc/arm-none-eabi/12.2.1/../../../../arm-none-eabi/lib/thumb/v7e-m+fp/hard/libcr_c.a(alloc.o)
 .rodata._initio.str1.1
                0x0000000000004909        0x4 /Applications/MCUXpressoIDE_11.8.0_1165/ide/plugins/com.nxp.mcuxpresso.tools.macosx_11.8.0.202306131047/tools/bin/../lib/gcc/arm-none-eabi/12.2.1/../../../../arm-none-eabi/lib/thumb/v7e-m+fp/hard/libcr_c.a(initio.o)
                0x0000000000004910                . = ALIGN (0x8)
 *fill*         0x000000000000490d        0x3 ff

.glue_7         0x0000000000004910        0x0
 .glue_7        0x0000000000004910        0x0 linker stubs

.glue_7t        0x0000000000004910        0x0
 .glue_7t       0x0000000000004910        0x0 linker stubs

.vfp11_veneer   0x0000000000004910        0x0
 .vfp11_veneer  0x0000000000004910        0x0 linker stubs

.v4_bx          0x0000000000004910        0x0
 .v4_bx         0x0000000000004910        0x0 linker stubs

.iplt           0x0000000000004910        0x0
 .iplt          0x0000000000004910        0x0 ./utilities/fsl_debug_console.o

.rel.dyn        0x0000000000004910        0x0
 .rel.iplt      0x0000000000004910        0x0 ./utilities/fsl_debug_console.o

.ARM.extab
 *(SORT_BY_ALIGNMENT(.ARM.extab*) SORT_BY_ALIGNMENT(.gnu.linkonce.armextab.*))

.ARM.exidx      0x0000000000004910        0x0
                0x0000000000004910                __exidx_start = .
 *(SORT_BY_ALIGNMENT(.ARM.exidx*) SORT_BY_ALIGNMENT(.gnu.linkonce.armexidx.*))
                0x0000000000004910                __exidx_end = .
                0x0000000000004910                _etext = .

.m_usb_data
 *(SORT_BY_ALIGNMENT(m_usb_bdt))

.data_RAM2      0x000000001fff0000        0x0 load address 0x0000000000004910
 FILL mask 0xff
                [!provide]                        PROVIDE (__start_data_RAM2 = .)
                [!provide]                        PROVIDE (__start_data_SRAM_LOWER = .)
 *(SORT_BY_ALIGNMENT(.ramfunc.$RAM2))
 *(SORT_BY_ALIGNMENT(.ramfunc.$SRAM_LOWER))
 *(SORT_BY_ALIGNMENT(.data.$RAM2))
 *(SORT_BY_ALIGNMENT(.data.$SRAM_LOWER))
 *(SORT_BY_ALIGNMENT(.data.$RAM2.*))
 *(SORT_BY_ALIGNMENT(.data.$SRAM_LOWER.*))
                0x000000001fff0000                . = ALIGN (0x8)
                [!provide]                        PROVIDE (__end_data_RAM2 = .)
                [!provide]                        PROVIDE (__end_data_SRAM_LOWER = .)

.data_RAM3      0x0000000014000000        0x0 load address 0x0000000000004910
 FILL mask 0xff
                [!provide]                        PROVIDE (__start_data_RAM3 = .)
                [!provide]                        PROVIDE (__start_data_FLEX_RAM = .)
 *(SORT_BY_ALIGNMENT(.ramfunc.$RAM3))
 *(SORT_BY_ALIGNMENT(.ramfunc.$FLEX_RAM))
 *(SORT_BY_ALIGNMENT(.data.$RAM3))
 *(SORT_BY_ALIGNMENT(.data.$FLEX_RAM))
 *(SORT_BY_ALIGNMENT(.data.$RAM3.*))
 *(SORT_BY_ALIGNMENT(.data.$FLEX_RAM.*))
                0x0000000014000000                . = ALIGN (0x8)
                [!provide]                        PROVIDE (__end_data_RAM3 = .)
                [!provide]                        PROVIDE (__end_data_FLEX_RAM = .)

.uninit_RESERVED
                0x0000000020000000        0x0
                0x0000000020000000                _start_uninit_RESERVED = .
 *(SORT_BY_ALIGNMENT(.bss.$RESERVED*))
                0x0000000020000000                . = ALIGN (0x8)
                0x0000000020000000                _end_uninit_RESERVED = .

.data           0x0000000020000000       0x10 load address 0x0000000000004910
 FILL mask 0xff
                0x0000000020000000                _data = .
                [!provide]                        PROVIDE (__start_data_RAM = .)
                [!provide]                        PROVIDE (__start_data_SRAM_UPPER = .)
 *(SORT_BY_ALIGNMENT(vtable))
 *(SORT_BY_ALIGNMENT(.ramfunc*))
 *(SORT_BY_ALIGNMENT(CodeQuickAccess))
 *(SORT_BY_ALIGNMENT(DataQuickAccess))
 *(SORT_BY_ALIGNMENT(RamFunction))
 *(SORT_BY_ALIGNMENT(.data*))
 .data.simulationFlag
                0x0000000020000000        0x4 ./source/final_project.o
                0x0000000020000000                simulationFlag
 .data.s_slowIrcFreq
                0x0000000020000004        0x4 ./drivers/fsl_clock.o
 .data.s_fastIrcFreq
                0x0000000020000008        0x4 ./drivers/fsl_clock.o
 .data.SystemCoreClock
                0x000000002000000c        0x4 ./device/system_MK66F18.o
                0x000000002000000c                SystemCoreClock
                0x0000000020000010                . = ALIGN (0x8)
                0x0000000020000010                _edata = .
                [!provide]                        PROVIDE (__end_data_RAM = .)
                [!provide]                        PROVIDE (__end_data_SRAM_UPPER = .)

.igot.plt       0x0000000020000010        0x0 load address 0x0000000000004920
 .igot.plt      0x0000000020000010        0x0 ./utilities/fsl_debug_console.o

.bss_RAM2       0x000000001fff0000        0x0
                [!provide]                        PROVIDE (__start_bss_RAM2 = .)
                [!provide]                        PROVIDE (__start_bss_SRAM_LOWER = .)
 *(SORT_BY_ALIGNMENT(.bss.$RAM2))
 *(SORT_BY_ALIGNMENT(.bss.$SRAM_LOWER))
 *(SORT_BY_ALIGNMENT(.bss.$RAM2.*))
 *(SORT_BY_ALIGNMENT(.bss.$SRAM_LOWER.*))
                0x000000001fff0000                . = ALIGN ((. != 0x0)?0x8:0x1)
                [!provide]                        PROVIDE (__end_bss_RAM2 = .)
                [!provide]                        PROVIDE (__end_bss_SRAM_LOWER = .)

.bss_RAM3       0x0000000014000000        0x0
                [!provide]                        PROVIDE (__start_bss_RAM3 = .)
                [!provide]                        PROVIDE (__start_bss_FLEX_RAM = .)
 *(SORT_BY_ALIGNMENT(.bss.$RAM3))
 *(SORT_BY_ALIGNMENT(.bss.$FLEX_RAM))
 *(SORT_BY_ALIGNMENT(.bss.$RAM3.*))
 *(SORT_BY_ALIGNMENT(.bss.$FLEX_RAM.*))
                0x0000000014000000                . = ALIGN ((. != 0x0)?0x8:0x1)
                [!provide]                        PROVIDE (__end_bss_RAM3 = .)
                [!provide]                        PROVIDE (__end_bss_FLEX_RAM = .)

.bss            0x0000000020000010      0x128
                0x0000000020000010                _bss = .
                [!provide]                        PROVIDE (__start_bss_RAM = .)
                [!provide]                        PROVIDE (__start_bss_SRAM_UPPER = .)
 *(SORT_BY_ALIGNMENT(.bss*))
 .bss.s_debugConsoleState
                0x0000000020000010       0x20 ./utilities/fsl_debug_console.o
 .bss.g_serialHandle
                0x0000000020000030        0x4 ./utilities/fsl_debug_console.o
                0x0000000020000030                g_serialHandle
 .bss.s_extPllFreq
                0x0000000020000034        0x4 ./drivers/fsl_clock.o
 .bss.g_xtal0Freq
                0x0000000020000038        0x4 ./drivers/fsl_clock.o
                0x0000000020000038                g_xtal0Freq
 .bss.g_xtal32Freq
                0x000000002000003c        0x4 ./drivers/fsl_clock.o
                0x000000002000003c                g_xtal32Freq
 .bss.s_i2cHandle
                0x0000000020000040       0x10 ./drivers/fsl_i2c.o
 .bss.s_i2cMasterIsr
                0x0000000020000050        0x4 ./drivers/fsl_i2c.o
 .bss.s_i2cSlaveIsr
                0x0000000020000054        0x4 ./drivers/fsl_i2c.o
 .bss.s_uartHandle
                0x0000000020000058       0x14 ./drivers/fsl_uart.o
                0x0000000020000058                s_uartHandle
 .bss.s_uartIsr
                0x000000002000006c        0x4 ./drivers/fsl_uart.o
                0x000000002000006c                s_uartIsr
 .bss.__Ciob    0x0000000020000070       0xb4 /Applications/MCUXpressoIDE_11.8.0_1165/ide/plugins/com.nxp.mcuxpresso.tools.macosx_11.8.0.202306131047/tools/bin/../lib/gcc/arm-none-eabi/12.2.1/../../../../arm-none-eabi/lib/thumb/v7e-m+fp/hard/libcr_nohost_nf.a(__ciob.o)
                0x0000000020000070                __Ciob
 .bss.errno     0x0000000020000124        0x4 /Applications/MCUXpressoIDE_11.8.0_1165/ide/plugins/com.nxp.mcuxpresso.tools.macosx_11.8.0.202306131047/tools/bin/../lib/gcc/arm-none-eabi/12.2.1/../../../../arm-none-eabi/lib/thumb/v7e-m+fp/hard/libcr_c.a(errno.o)
                0x0000000020000124                errno
 .bss.__end_of_heap
                0x0000000020000128        0x4 /Applications/MCUXpressoIDE_11.8.0_1165/ide/plugins/com.nxp.mcuxpresso.tools.macosx_11.8.0.202306131047/tools/bin/../lib/gcc/arm-none-eabi/12.2.1/../../../../arm-none-eabi/lib/thumb/v7e-m+fp/hard/libcr_c.a(__init_alloc.o)
                0x0000000020000128                __end_of_heap
 .bss.__heaps   0x000000002000012c        0x4 /Applications/MCUXpressoIDE_11.8.0_1165/ide/plugins/com.nxp.mcuxpresso.tools.macosx_11.8.0.202306131047/tools/bin/../lib/gcc/arm-none-eabi/12.2.1/../../../../arm-none-eabi/lib/thumb/v7e-m+fp/hard/libcr_c.a(__init_alloc.o)
                0x000000002000012c                __heaps
 .bss.s_debugConsoleReadWaitSemaphore
                0x0000000020000130        0x1 ./utilities/fsl_debug_console.o
 *(SORT_BY_ALIGNMENT(COMMON))
                0x0000000020000138                . = ALIGN (0x8)
 *fill*         0x0000000020000131        0x7 
                0x0000000020000138                _ebss = .
                [!provide]                        PROVIDE (__end_bss_RAM = .)
                [!provide]                        PROVIDE (__end_bss_SRAM_UPPER = .)
                [!provide]                        PROVIDE (end = .)

.noinit_RAM2    0x000000001fff0000        0x0
                [!provide]                        PROVIDE (__start_noinit_RAM2 = .)
                [!provide]                        PROVIDE (__start_noinit_SRAM_LOWER = .)
 *(SORT_BY_ALIGNMENT(.noinit.$RAM2))
 *(SORT_BY_ALIGNMENT(.noinit.$SRAM_LOWER))
 *(SORT_BY_ALIGNMENT(.noinit.$RAM2.*))
 *(SORT_BY_ALIGNMENT(.noinit.$SRAM_LOWER.*))
                0x000000001fff0000                . = ALIGN (0x8)
                [!provide]                        PROVIDE (__end_noinit_RAM2 = .)
                [!provide]                        PROVIDE (__end_noinit_SRAM_LOWER = .)

.noinit_RAM3    0x0000000014000000        0x0
                [!provide]                        PROVIDE (__start_noinit_RAM3 = .)
                [!provide]                        PROVIDE (__start_noinit_FLEX_RAM = .)
 *(SORT_BY_ALIGNMENT(.noinit.$RAM3))
 *(SORT_BY_ALIGNMENT(.noinit.$FLEX_RAM))
 *(SORT_BY_ALIGNMENT(.noinit.$RAM3.*))
 *(SORT_BY_ALIGNMENT(.noinit.$FLEX_RAM.*))
                0x0000000014000000                . = ALIGN (0x8)
                [!provide]                        PROVIDE (__end_noinit_RAM3 = .)
                [!provide]                        PROVIDE (__end_noinit_FLEX_RAM = .)

.noinit         0x0000000020000138        0x0
                0x0000000020000138                _noinit = .
                [!provide]                        PROVIDE (__start_noinit_RAM = .)
                [!provide]                        PROVIDE (__start_noinit_SRAM_UPPER = .)
 *(SORT_BY_ALIGNMENT(.noinit*))
                0x0000000020000138                . = ALIGN (0x8)
                0x0000000020000138                _end_noinit = .
                [!provide]                        PROVIDE (__end_noinit_RAM = .)
                [!provide]                        PROVIDE (__end_noinit_SRAM_UPPER = .)
                0x0000000000001000                _HeapSize = 0x1000

.heap           0x0000000020000138     0x1000
                0x0000000020000138                _pvHeapStart = .
                0x0000000020001138                . = (. + _HeapSize)
 *fill*         0x0000000020000138     0x1000 
                0x0000000020001138                . = ALIGN (0x8)
                0x0000000020001138                _pvHeapLimit = .
                0x0000000000001000                _StackSize = 0x1000

.heap2stackfill
                0x0000000020001138     0x1000
                0x0000000020002138                . = (. + _StackSize)
 *fill*         0x0000000020001138     0x1000 

.stack          0x000000002002f000        0x0
                0x000000002002f000                _vStackBase = .
                0x000000002002f000                . = ALIGN (0x8)
                0x0000000020030000                _vStackTop = (. + _StackSize)
                0x0000000000000000                _image_start = LOADADDR (.text)
                0x0000000000004920                _image_end = (LOADADDR (.data) + SIZEOF (.data))
                0x0000000000004920                _image_size = (_image_end - _image_start)
OUTPUT(final_project.axf elf32-littlearm)
LOAD linker stubs

.debug_info     0x0000000000000000     0xf57a
 .debug_info    0x0000000000000000      0xd51 ./utilities/fsl_debug_console.o
 .debug_info    0x0000000000000d51      0xaed ./utilities/fsl_str.o
 .debug_info    0x000000000000183e      0xdf7 ./startup/startup_mk66f18.o
 .debug_info    0x0000000000002635      0x560 ./source/final_project.o
 .debug_info    0x0000000000002b95       0x25 ./source/function.o
 .debug_info    0x0000000000002bba      0x166 ./source/morseConverter.o
 .debug_info    0x0000000000002d20       0x3d ./source/semihost_hardfault.o
 .debug_info    0x0000000000002d5d     0x2853 ./drivers/fsl_clock.o
 .debug_info    0x00000000000055b0      0x691 ./drivers/fsl_gpio.o
 .debug_info    0x0000000000005c41     0x1ed9 ./drivers/fsl_i2c.o
 .debug_info    0x0000000000007b1a      0xb1a ./drivers/fsl_smc.o
 .debug_info    0x0000000000008634     0x2008 ./drivers/fsl_uart.o
 .debug_info    0x000000000000a63c      0xa10 ./device/system_MK66F18.o
 .debug_info    0x000000000000b04c      0xb72 ./component/uart/fsl_adapter_uart.o
 .debug_info    0x000000000000bbbe      0x982 ./component/serial_manager/fsl_component_serial_manager.o
 .debug_info    0x000000000000c540      0x4f7 ./component/serial_manager/fsl_component_serial_port_uart.o
 .debug_info    0x000000000000ca37      0x14c ./board/board.o
 .debug_info    0x000000000000cb83     0x1757 ./board/clock_config.o
 .debug_info    0x000000000000e2da      0x55e ./board/peripherals.o
 .debug_info    0x000000000000e838      0xd42 ./board/pin_mux.o

.debug_abbrev   0x0000000000000000     0x2915
 .debug_abbrev  0x0000000000000000      0x27a ./utilities/fsl_debug_console.o
 .debug_abbrev  0x000000000000027a      0x276 ./utilities/fsl_str.o
 .debug_abbrev  0x00000000000004f0      0x17e ./startup/startup_mk66f18.o
 .debug_abbrev  0x000000000000066e      0x206 ./source/final_project.o
 .debug_abbrev  0x0000000000000874       0x14 ./source/function.o
 .debug_abbrev  0x0000000000000888       0xb1 ./source/morseConverter.o
 .debug_abbrev  0x0000000000000939       0x2f ./source/semihost_hardfault.o
 .debug_abbrev  0x0000000000000968      0x398 ./drivers/fsl_clock.o
 .debug_abbrev  0x0000000000000d00      0x1ac ./drivers/fsl_gpio.o
 .debug_abbrev  0x0000000000000eac      0x39a ./drivers/fsl_i2c.o
 .debug_abbrev  0x0000000000001246      0x327 ./drivers/fsl_smc.o
 .debug_abbrev  0x000000000000156d      0x46f ./drivers/fsl_uart.o
 .debug_abbrev  0x00000000000019dc      0x14c ./device/system_MK66F18.o
 .debug_abbrev  0x0000000000001b28      0x223 ./component/uart/fsl_adapter_uart.o
 .debug_abbrev  0x0000000000001d4b      0x264 ./component/serial_manager/fsl_component_serial_manager.o
 .debug_abbrev  0x0000000000001faf      0x196 ./component/serial_manager/fsl_component_serial_port_uart.o
 .debug_abbrev  0x0000000000002145       0xc5 ./board/board.o
 .debug_abbrev  0x000000000000220a      0x309 ./board/clock_config.o
 .debug_abbrev  0x0000000000002513      0x174 ./board/peripherals.o
 .debug_abbrev  0x0000000000002687      0x28e ./board/pin_mux.o

.debug_aranges  0x0000000000000000      0xf38
 .debug_aranges
                0x0000000000000000       0xa8 ./utilities/fsl_debug_console.o
 .debug_aranges
                0x00000000000000a8       0xb8 ./utilities/fsl_str.o
 .debug_aranges
                0x0000000000000160      0x3a0 ./startup/startup_mk66f18.o
 .debug_aranges
                0x0000000000000500       0x40 ./source/final_project.o
 .debug_aranges
                0x0000000000000540       0x20 ./source/function.o
 .debug_aranges
                0x0000000000000560       0x20 ./source/morseConverter.o
 .debug_aranges
                0x0000000000000580       0x20 ./source/semihost_hardfault.o
 .debug_aranges
                0x00000000000005a0      0x258 ./drivers/fsl_clock.o
 .debug_aranges
                0x00000000000007f8       0x40 ./drivers/fsl_gpio.o
 .debug_aranges
                0x0000000000000838      0x188 ./drivers/fsl_i2c.o
 .debug_aranges
                0x00000000000009c0       0x98 ./drivers/fsl_smc.o
 .debug_aranges
                0x0000000000000a58      0x1a8 ./drivers/fsl_uart.o
 .debug_aranges
                0x0000000000000c00       0x30 ./device/system_MK66F18.o
 .debug_aranges
                0x0000000000000c30       0x50 ./component/uart/fsl_adapter_uart.o
 .debug_aranges
                0x0000000000000c80       0x98 ./component/serial_manager/fsl_component_serial_manager.o
 .debug_aranges
                0x0000000000000d18       0x48 ./component/serial_manager/fsl_component_serial_port_uart.o
 .debug_aranges
                0x0000000000000d60       0x20 ./board/board.o
 .debug_aranges
                0x0000000000000d80       0xd8 ./board/clock_config.o
 .debug_aranges
                0x0000000000000e58       0x48 ./board/peripherals.o
 .debug_aranges
                0x0000000000000ea0       0x98 ./board/pin_mux.o

.debug_rnglists
                0x0000000000000000      0xb58
 .debug_rnglists
                0x0000000000000000       0x7c ./utilities/fsl_debug_console.o
 .debug_rnglists
                0x000000000000007c       0xa6 ./utilities/fsl_str.o
 .debug_rnglists
                0x0000000000000122      0x2b3 ./startup/startup_mk66f18.o
 .debug_rnglists
                0x00000000000003d5       0x2c ./source/final_project.o
 .debug_rnglists
                0x0000000000000401       0x14 ./source/morseConverter.o
 .debug_rnglists
                0x0000000000000415       0x13 ./source/semihost_hardfault.o
 .debug_rnglists
                0x0000000000000428      0x1d3 ./drivers/fsl_clock.o
 .debug_rnglists
                0x00000000000005fb       0x2b ./drivers/fsl_gpio.o
 .debug_rnglists
                0x0000000000000626      0x12f ./drivers/fsl_i2c.o
 .debug_rnglists
                0x0000000000000755       0x6e ./drivers/fsl_smc.o
 .debug_rnglists
                0x00000000000007c3      0x147 ./drivers/fsl_uart.o
 .debug_rnglists
                0x000000000000090a       0x20 ./device/system_MK66F18.o
 .debug_rnglists
                0x000000000000092a       0x38 ./component/uart/fsl_adapter_uart.o
 .debug_rnglists
                0x0000000000000962       0x6d ./component/serial_manager/fsl_component_serial_manager.o
 .debug_rnglists
                0x00000000000009cf       0x31 ./component/serial_manager/fsl_component_serial_port_uart.o
 .debug_rnglists
                0x0000000000000a00       0x13 ./board/board.o
 .debug_rnglists
                0x0000000000000a13       0xa1 ./board/clock_config.o
 .debug_rnglists
                0x0000000000000ab4       0x31 ./board/peripherals.o
 .debug_rnglists
                0x0000000000000ae5       0x73 ./board/pin_mux.o

.debug_macro    0x0000000000000000    0x1c1ea
 .debug_macro   0x0000000000000000      0x1c8 ./utilities/fsl_debug_console.o
 .debug_macro   0x00000000000001c8      0xaea ./utilities/fsl_debug_console.o
 .debug_macro   0x0000000000000cb2       0x10 ./utilities/fsl_debug_console.o
 .debug_macro   0x0000000000000cc2       0x16 ./utilities/fsl_debug_console.o
 .debug_macro   0x0000000000000cd8       0x10 ./utilities/fsl_debug_console.o
 .debug_macro   0x0000000000000ce8      0x12e ./utilities/fsl_debug_console.o
 .debug_macro   0x0000000000000e16       0x28 ./utilities/fsl_debug_console.o
 .debug_macro   0x0000000000000e3e       0x16 ./utilities/fsl_debug_console.o
 .debug_macro   0x0000000000000e54       0x22 ./utilities/fsl_debug_console.o
 .debug_macro   0x0000000000000e76      0x5b3 ./utilities/fsl_debug_console.o
 .debug_macro   0x0000000000001429       0x10 ./utilities/fsl_debug_console.o
 .debug_macro   0x0000000000001439       0x56 ./utilities/fsl_debug_console.o
 .debug_macro   0x000000000000148f       0x1c ./utilities/fsl_debug_console.o
 .debug_macro   0x00000000000014ab       0x22 ./utilities/fsl_debug_console.o
 .debug_macro   0x00000000000014cd       0xfb ./utilities/fsl_debug_console.o
 .debug_macro   0x00000000000015c8      0xeeb ./utilities/fsl_debug_console.o
 .debug_macro   0x00000000000024b3       0x40 ./utilities/fsl_debug_console.o
 .debug_macro   0x00000000000024f3    0x1626f ./utilities/fsl_debug_console.o
 .debug_macro   0x0000000000018762     0x14b0 ./utilities/fsl_debug_console.o
 .debug_macro   0x0000000000019c12       0x7a ./utilities/fsl_debug_console.o
 .debug_macro   0x0000000000019c8c       0xaf ./utilities/fsl_debug_console.o
 .debug_macro   0x0000000000019d3b      0x190 ./utilities/fsl_debug_console.o
 .debug_macro   0x0000000000019ecb       0x50 ./utilities/fsl_debug_console.o
 .debug_macro   0x0000000000019f1b       0x70 ./utilities/fsl_debug_console.o
 .debug_macro   0x0000000000019f8b       0x46 ./utilities/fsl_debug_console.o
 .debug_macro   0x0000000000019fd1       0x16 ./utilities/fsl_debug_console.o
 .debug_macro   0x0000000000019fe7       0x66 ./utilities/fsl_debug_console.o
 .debug_macro   0x000000000001a04d       0x1c ./utilities/fsl_debug_console.o
 .debug_macro   0x000000000001a069       0x1c ./utilities/fsl_debug_console.o
 .debug_macro   0x000000000001a085      0x14e ./utilities/fsl_str.o
 .debug_macro   0x000000000001a1d3       0xc4 ./utilities/fsl_str.o
 .debug_macro   0x000000000001a297       0x1c ./utilities/fsl_str.o
 .debug_macro   0x000000000001a2b3      0x1c7 ./utilities/fsl_str.o
 .debug_macro   0x000000000001a47a       0x56 ./utilities/fsl_str.o
 .debug_macro   0x000000000001a4d0       0x29 ./startup/startup_mk66f18.o
 .debug_macro   0x000000000001a4f9      0x1bd ./source/final_project.o
 .debug_macro   0x000000000001a6b6       0xd8 ./source/final_project.o
 .debug_macro   0x000000000001a78e       0x22 ./source/final_project.o
 .debug_macro   0x000000000001a7b0       0x1c ./source/final_project.o
 .debug_macro   0x000000000001a7cc       0x16 ./source/final_project.o
 .debug_macro   0x000000000001a7e2       0x16 ./source/final_project.o
 .debug_macro   0x000000000001a7f8      0x24f ./source/final_project.o
 .debug_macro   0x000000000001aa47       0x3a ./source/final_project.o
 .debug_macro   0x000000000001aa81      0x3b1 ./source/final_project.o
 .debug_macro   0x000000000001ae32       0x16 ./source/final_project.o
 .debug_macro   0x000000000001ae48      0x190 ./source/morseConverter.o
 .debug_macro   0x000000000001afd8       0x11 ./source/semihost_hardfault.o
 .debug_macro   0x000000000001afe9      0x1e4 ./drivers/fsl_clock.o
 .debug_macro   0x000000000001b1cd       0x1c ./drivers/fsl_clock.o
 .debug_macro   0x000000000001b1e9      0x121 ./drivers/fsl_gpio.o
 .debug_macro   0x000000000001b30a       0x10 ./drivers/fsl_gpio.o
 .debug_macro   0x000000000001b31a      0x121 ./drivers/fsl_i2c.o
 .debug_macro   0x000000000001b43b       0x1c ./drivers/fsl_i2c.o
 .debug_macro   0x000000000001b457      0x122 ./drivers/fsl_smc.o
 .debug_macro   0x000000000001b579      0x127 ./drivers/fsl_uart.o
 .debug_macro   0x000000000001b6a0       0x10 ./drivers/fsl_uart.o
 .debug_macro   0x000000000001b6b0       0x98 ./device/system_MK66F18.o
 .debug_macro   0x000000000001b748      0x11e ./component/uart/fsl_adapter_uart.o
 .debug_macro   0x000000000001b866       0x16 ./component/uart/fsl_adapter_uart.o
 .debug_macro   0x000000000001b87c       0x46 ./component/uart/fsl_adapter_uart.o
 .debug_macro   0x000000000001b8c2      0x185 ./component/serial_manager/fsl_component_serial_manager.o
 .debug_macro   0x000000000001ba47       0x6a ./component/serial_manager/fsl_component_serial_manager.o
 .debug_macro   0x000000000001bab1      0x14f ./component/serial_manager/fsl_component_serial_port_uart.o
 .debug_macro   0x000000000001bc00      0x186 ./board/board.o
 .debug_macro   0x000000000001bd86      0x1c8 ./board/clock_config.o
 .debug_macro   0x000000000001bf4e       0x10 ./board/clock_config.o
 .debug_macro   0x000000000001bf5e      0x12d ./board/peripherals.o
 .debug_macro   0x000000000001c08b       0x34 ./board/peripherals.o
 .debug_macro   0x000000000001c0bf      0x12b ./board/pin_mux.o

.debug_line     0x0000000000000000     0xa42c
 .debug_line    0x0000000000000000      0x84f ./utilities/fsl_debug_console.o
 .debug_line    0x000000000000084f      0xaf3 ./utilities/fsl_str.o
 .debug_line    0x0000000000001342      0xbf7 ./startup/startup_mk66f18.o
 .debug_line    0x0000000000001f39      0x5fb ./source/final_project.o
 .debug_line    0x0000000000002534       0xb4 ./source/function.o
 .debug_line    0x00000000000025e8      0x5ca ./source/morseConverter.o
 .debug_line    0x0000000000002bb2       0x59 ./source/semihost_hardfault.o
 .debug_line    0x0000000000002c0b     0x1872 ./drivers/fsl_clock.o
 .debug_line    0x000000000000447d      0x3e1 ./drivers/fsl_gpio.o
 .debug_line    0x000000000000485e     0x13e3 ./drivers/fsl_i2c.o
 .debug_line    0x0000000000005c41      0x621 ./drivers/fsl_smc.o
 .debug_line    0x0000000000006262     0x14f8 ./drivers/fsl_uart.o
 .debug_line    0x000000000000775a      0x426 ./device/system_MK66F18.o
 .debug_line    0x0000000000007b80      0x4fe ./component/uart/fsl_adapter_uart.o
 .debug_line    0x000000000000807e      0x752 ./component/serial_manager/fsl_component_serial_manager.o
 .debug_line    0x00000000000087d0      0x521 ./component/serial_manager/fsl_component_serial_port_uart.o
 .debug_line    0x0000000000008cf1      0x497 ./board/board.o
 .debug_line    0x0000000000009188      0x7ec ./board/clock_config.o
 .debug_line    0x0000000000009974      0x3fd ./board/peripherals.o
 .debug_line    0x0000000000009d71      0x6bb ./board/pin_mux.o

.debug_str      0x0000000000000000    0xc0c2f
 .debug_str     0x0000000000000000    0xb6f77 ./utilities/fsl_debug_console.o
                                      0xb7094 (size before relaxing)
 .debug_str     0x00000000000b6f77      0xbf8 ./utilities/fsl_str.o
                                      0xb5d16 (size before relaxing)
 .debug_str     0x00000000000b7b6f      0x976 ./startup/startup_mk66f18.o
                                       0x38c3 (size before relaxing)
 .debug_str     0x00000000000b84e5     0x23e6 ./source/final_project.o
                                      0xb8737 (size before relaxing)
 .debug_str     0x00000000000ba8cb       0x23 ./source/function.o
                                         0x55 (size before relaxing)
 .debug_str     0x00000000000ba8ee       0x85 ./source/morseConverter.o
                                      0xb69b8 (size before relaxing)
 .debug_str     0x00000000000ba973       0x1f ./source/semihost_hardfault.o
                                       0x2ec2 (size before relaxing)
 .debug_str     0x00000000000ba992     0x24f5 ./drivers/fsl_clock.o
                                      0xb7d86 (size before relaxing)
 .debug_str     0x00000000000bce87      0x164 ./drivers/fsl_gpio.o
                                      0xb597d (size before relaxing)
 .debug_str     0x00000000000bcfeb     0x12fe ./drivers/fsl_i2c.o
                                      0xb6f7a (size before relaxing)
 .debug_str     0x00000000000be2e9      0x4e0 ./drivers/fsl_smc.o
                                      0xb5cf7 (size before relaxing)
 .debug_str     0x00000000000be7c9      0xdc9 ./drivers/fsl_uart.o
                                      0xb71df (size before relaxing)
 .debug_str     0x00000000000bf592       0xc8 ./device/system_MK66F18.o
                                      0xb366e (size before relaxing)
 .debug_str     0x00000000000bf65a      0x2ec ./component/uart/fsl_adapter_uart.o
                                      0xb601c (size before relaxing)
 .debug_str     0x00000000000bf946      0x36a ./component/serial_manager/fsl_component_serial_manager.o
                                      0xb6062 (size before relaxing)
 .debug_str     0x00000000000bfcb0       0x92 ./component/serial_manager/fsl_component_serial_port_uart.o